Component: ARM Compiler 5.05 update 1 (build 106) Tool: armlink [4d0efa]

==============================================================================

Section Cross References

    system_stm32f10x.o(i.SetSysClock) refers to system_stm32f10x.o(i.SetSysClockTo72) for SetSysClockTo72
    system_stm32f10x.o(i.SystemCoreClockUpdate) refers to system_stm32f10x.o(.data) for SystemCoreClock
    system_stm32f10x.o(i.SystemInit) refers to system_stm32f10x.o(i.SetSysClock) for SetSysClock
    startup_stm32f10x_hd.o(RESET) refers to startup_stm32f10x_hd.o(STACK) for __initial_sp
    startup_stm32f10x_hd.o(RESET) refers to startup_stm32f10x_hd.o(.text) for Reset_Handler
    startup_stm32f10x_hd.o(RESET) refers to stm32f10x_it.o(i.NMI_Handler) for NMI_Handler
    startup_stm32f10x_hd.o(RESET) refers to stm32f10x_it.o(i.HardFault_Handler) for HardFault_Handler
    startup_stm32f10x_hd.o(RESET) refers to stm32f10x_it.o(i.MemManage_Handler) for MemManage_Handler
    startup_stm32f10x_hd.o(RESET) refers to stm32f10x_it.o(i.BusFault_Handler) for BusFault_Handler
    startup_stm32f10x_hd.o(RESET) refers to stm32f10x_it.o(i.UsageFault_Handler) for UsageFault_Handler
    startup_stm32f10x_hd.o(RESET) refers to stm32f10x_it.o(i.SVC_Handler) for SVC_Handler
    startup_stm32f10x_hd.o(RESET) refers to stm32f10x_it.o(i.DebugMon_Handler) for DebugMon_Handler
    startup_stm32f10x_hd.o(RESET) refers to stm32f10x_it.o(i.PendSV_Handler) for PendSV_Handler
    startup_stm32f10x_hd.o(RESET) refers to stm32f10x_it.o(i.DMA1_Channel4_IRQHandler) for DMA1_Channel4_IRQHandler
    startup_stm32f10x_hd.o(RESET) refers to stm32f10x_it.o(i.USB_LP_CAN1_RX0_IRQHandler) for USB_LP_CAN1_RX0_IRQHandler
    startup_stm32f10x_hd.o(RESET) refers to pwm_in.o(i.TIM2_IRQHandler) for TIM2_IRQHandler
    startup_stm32f10x_hd.o(RESET) refers to pwm_in.o(i.TIM3_IRQHandler) for TIM3_IRQHandler
    startup_stm32f10x_hd.o(RESET) refers to hard_i2c.o(i.I2C1_EV_IRQHandler) for I2C1_EV_IRQHandler
    startup_stm32f10x_hd.o(RESET) refers to hard_i2c.o(i.I2C1_ER_IRQHandler) for I2C1_ER_IRQHandler
    startup_stm32f10x_hd.o(RESET) refers to hard_i2c.o(i.I2C2_EV_IRQHandler) for I2C2_EV_IRQHandler
    startup_stm32f10x_hd.o(RESET) refers to hard_i2c.o(i.I2C2_ER_IRQHandler) for I2C2_ER_IRQHandler
    startup_stm32f10x_hd.o(RESET) refers to stm32f10x_it.o(i.USART1_IRQHandler) for USART1_IRQHandler
    startup_stm32f10x_hd.o(RESET) refers to stm32f10x_it.o(i.TIM5_IRQHandler) for TIM5_IRQHandler
    startup_stm32f10x_hd.o(.text) refers to system_stm32f10x.o(i.SystemInit) for SystemInit
    startup_stm32f10x_hd.o(.text) refers to entry.o(.ARM.Collect$$$$00000000) for __main
    stm32f10x_rcc.o(i.RCC_GetClocksFreq) refers to stm32f10x_rcc.o(.data) for APBAHBPrescTable
    stm32f10x_rcc.o(i.RCC_WaitForHSEStartUp) refers to stm32f10x_rcc.o(i.RCC_GetFlagStatus) for RCC_GetFlagStatus
    stm32f10x_usart.o(i.USART_DeInit) refers to stm32f10x_rcc.o(i.RCC_APB2PeriphResetCmd) for RCC_APB2PeriphResetCmd
    stm32f10x_usart.o(i.USART_DeInit) refers to stm32f10x_rcc.o(i.RCC_APB1PeriphResetCmd) for RCC_APB1PeriphResetCmd
    stm32f10x_usart.o(i.USART_Init) refers to stm32f10x_rcc.o(i.RCC_GetClocksFreq) for RCC_GetClocksFreq
    stm32f10x_gpio.o(i.GPIO_AFIODeInit) refers to stm32f10x_rcc.o(i.RCC_APB2PeriphResetCmd) for RCC_APB2PeriphResetCmd
    stm32f10x_gpio.o(i.GPIO_DeInit) refers to stm32f10x_rcc.o(i.RCC_APB2PeriphResetCmd) for RCC_APB2PeriphResetCmd
    stm32f10x_spi.o(i.I2S_Init) refers to stm32f10x_rcc.o(i.RCC_GetClocksFreq) for RCC_GetClocksFreq
    stm32f10x_spi.o(i.SPI_I2S_DeInit) refers to stm32f10x_rcc.o(i.RCC_APB2PeriphResetCmd) for RCC_APB2PeriphResetCmd
    stm32f10x_spi.o(i.SPI_I2S_DeInit) refers to stm32f10x_rcc.o(i.RCC_APB1PeriphResetCmd) for RCC_APB1PeriphResetCmd
    stm32f10x_tim.o(i.TIM_DeInit) refers to stm32f10x_rcc.o(i.RCC_APB2PeriphResetCmd) for RCC_APB2PeriphResetCmd
    stm32f10x_tim.o(i.TIM_DeInit) refers to stm32f10x_rcc.o(i.RCC_APB1PeriphResetCmd) for RCC_APB1PeriphResetCmd
    stm32f10x_tim.o(i.TIM_ETRClockMode1Config) refers to stm32f10x_tim.o(i.TIM_ETRConfig) for TIM_ETRConfig
    stm32f10x_tim.o(i.TIM_ETRClockMode2Config) refers to stm32f10x_tim.o(i.TIM_ETRConfig) for TIM_ETRConfig
    stm32f10x_tim.o(i.TIM_ICInit) refers to stm32f10x_tim.o(i.TI1_Config) for TI1_Config
    stm32f10x_tim.o(i.TIM_ICInit) refers to stm32f10x_tim.o(i.TIM_SetIC1Prescaler) for TIM_SetIC1Prescaler
    stm32f10x_tim.o(i.TIM_ICInit) refers to stm32f10x_tim.o(i.TI2_Config) for TI2_Config
    stm32f10x_tim.o(i.TIM_ICInit) refers to stm32f10x_tim.o(i.TIM_SetIC2Prescaler) for TIM_SetIC2Prescaler
    stm32f10x_tim.o(i.TIM_ICInit) refers to stm32f10x_tim.o(i.TI3_Config) for TI3_Config
    stm32f10x_tim.o(i.TIM_ICInit) refers to stm32f10x_tim.o(i.TIM_SetIC3Prescaler) for TIM_SetIC3Prescaler
    stm32f10x_tim.o(i.TIM_ICInit) refers to stm32f10x_tim.o(i.TI4_Config) for TI4_Config
    stm32f10x_tim.o(i.TIM_ICInit) refers to stm32f10x_tim.o(i.TIM_SetIC4Prescaler) for TIM_SetIC4Prescaler
[...]
    TIM_OC4PolarityConfig                    0x0802c7d9   Thumb Code    26  stm32f10x_tim.o(i.TIM_OC4PolarityConfig)
    TIM_OC4PreloadConfig                     0x0802c7f3   Thumb Code    26  stm32f10x_tim.o(i.TIM_OC4PreloadConfig)
    TIM_SetIC1Prescaler                      0x0802c80d   Thumb Code    18  stm32f10x_tim.o(i.TIM_SetIC1Prescaler)
    TIM_SetIC2Prescaler                      0x0802c81f   Thumb Code    26  stm32f10x_tim.o(i.TIM_SetIC2Prescaler)
    TIM_SetIC3Prescaler                      0x0802c839   Thumb Code    18  stm32f10x_tim.o(i.TIM_SetIC3Prescaler)
    TIM_SetIC4Prescaler                      0x0802c84b   Thumb Code    26  stm32f10x_tim.o(i.TIM_SetIC4Prescaler)
    TIM_TimeBaseInit                         0x0802c865   Thumb Code   122  stm32f10x_tim.o(i.TIM_TimeBaseInit)
    Thr_Ctrl                                 0x0802c909   Thumb Code   220  multirotor_control.o(i.Thr_Ctrl)
    Tim1_init                                0x0802ca11   Thumb Code   196  moto.o(i.Tim1_init)
    Tim4_init                                0x0802cadd   Thumb Code   154  moto.o(i.Tim4_init)
    Time_slice                               0x0802cb7d   Thumb Code   174  multirotor_app.o(i.Time_slice)
    USART1_Config                            0x0802cc39   Thumb Code   138  usart.o(i.USART1_Config)
    USART1_IRQHandler                        0x0802cccd   Thumb Code    72  stm32f10x_it.o(i.USART1_IRQHandler)
    USART_ClearITPendingBit                  0x0802cd21   Thumb Code    30  stm32f10x_usart.o(i.USART_ClearITPendingBit)
    USART_Cmd                                0x0802cd3f   Thumb Code    24  stm32f10x_usart.o(i.USART_Cmd)
    USART_DMACmd                             0x0802cd57   Thumb Code    18  stm32f10x_usart.o(i.USART_DMACmd)
    USART_GetITStatus                        0x0802cd69   Thumb Code    84  stm32f10x_usart.o(i.USART_GetITStatus)
    USART_ITConfig                           0x0802cdbd   Thumb Code    74  stm32f10x_usart.o(i.USART_ITConfig)
    USART_Init                               0x0802ce09   Thumb Code   210  stm32f10x_usart.o(i.USART_Init)
    USB_Init                                 0x0802cee1   Thumb Code    36  usb_init.o(i.USB_Init)
    USB_LP_CAN1_RX0_IRQHandler               0x0802cf1d   Thumb Code     8  stm32f10x_it.o(i.USB_LP_CAN1_RX0_IRQHandler)
    USB_SIL_Init                             0x0802cf25   Thumb Code    28  usb_sil.o(i.USB_SIL_Init)
    USB_SIL_Read                             0x0802cf49   Thumb Code    46  usb_sil.o(i.USB_SIL_Read)
    Ultra_Ctrl                               0x0802cf79   Thumb Code   542  height_ctrl.o(i.Ultra_Ctrl)
    Ultra_PID_Init                           0x0802d1e1   Thumb Code    18  height_ctrl.o(i.Ultra_PID_Init)
    Ultra_dataporcess                        0x0802d1fd   Thumb Code   744  height_ctrl.o(i.Ultra_dataporcess)
    Ultrasonic_Config                        0x0802d51d   Thumb Code    46  ultrasonic.o(i.Ultrasonic_Config)
    Ultrasonic_Pulsing                       0x0802d551   Thumb Code    26  ultrasonic.o(i.Ultrasonic_Pulsing)
    UsageFault_Handler                       0x0802d571   Thumb Code     4  stm32f10x_it.o(i.UsageFault_Handler)
    Usart1_Send                              0x0802d575   Thumb Code    48  multirotor_radio.o(i.Usart1_Send)
    UsbCmdPro                                0x0802d5ad   Thumb Code   180  multirotor_radio.o(i.UsbCmdPro)
    UserToPMABufferCopy                      0x0802d675   Thumb Code    52  usb_mem.o(i.UserToPMABufferCopy)
    VariableParameter                        0x0802d6ad   Thumb Code    92  algorithm_math.o(i.VariableParameter)
    Virtual_Com_Port_Data_Setup              0x0802d719   Thumb Code    82  usb_prop.o(i.Virtual_Com_Port_Data_Setup)
    Virtual_Com_Port_GetConfigDescriptor     0x0802d77d   Thumb Code    14  usb_prop.o(i.Virtual_Com_Port_GetConfigDescriptor)
    Virtual_Com_Port_GetDeviceDescriptor     0x0802d791   Thumb Code    14  usb_prop.o(i.Virtual_Com_Port_GetDeviceDescriptor)
    Virtual_Com_Port_GetLineCoding           0x0802d7a5   Thumb Code    20  usb_prop.o(i.Virtual_Com_Port_GetLineCoding)
    Virtual_Com_Port_GetStringDescriptor     0x0802d7c1   Thumb Code    32  usb_prop.o(i.Virtual_Com_Port_GetStringDescriptor)
    Virtual_Com_Port_Get_Interface_Setting   0x0802d7e9   Thumb Code    22  usb_prop.o(i.Virtual_Com_Port_Get_Interface_Setting)
    Virtual_Com_Port_NoData_Setup            0x0802d801   Thumb Code    36  usb_prop.o(i.Virtual_Com_Port_NoData_Setup)
    Virtual_Com_Port_Reset                   0x0802d829   Thumb Code   216  usb_prop.o(i.Virtual_Com_Port_Reset)
    Virtual_Com_Port_SetConfiguration        0x0802d911   Thumb Code    14  usb_prop.o(i.Virtual_Com_Port_SetConfiguration)
    Virtual_Com_Port_SetDeviceAddress        0x0802d929   Thumb Code     8  usb_prop.o(i.Virtual_Com_Port_SetDeviceAddress)
    Virtual_Com_Port_SetLineCoding           0x0802d935   Thumb Code    20  usb_prop.o(i.Virtual_Com_Port_SetLineCoding)
    Virtual_Com_Port_Status_In               0x0802d951   Thumb Code    16  usb_prop.o(i.Virtual_Com_Port_Status_In)
    Virtual_Com_Port_Status_Out              0x0802d965   Thumb Code     2  usb_prop.o(i.Virtual_Com_Port_Status_Out)
    Virtual_Com_Port_init                    0x0802d969   Thumb Code    32  usb_prop.o(i.Virtual_Com_Port_init)
    WZ_Speed_PID_Init                        0x0802d995   Thumb Code    52  height_ctrl.o(i.WZ_Speed_PID_Init)
    __ARM_fpclassify                         0x0802d9e1   Thumb Code    40  fpclassify.o(i.__ARM_fpclassify)
    __ARM_fpclassifyf                        0x0802da09   Thumb Code    38  fpclassifyf.o(i.__ARM_fpclassifyf)
    __EE_Init                                0x0802da31   Thumb Code   492  eeprom.o(i.__EE_Init)
    __ieee754_rem_pio2                       0x0802dc2d   Thumb Code   828  rred.o(i.__ieee754_rem_pio2)
    __kernel_cos                             0x0802dfb5   Thumb Code   230  cos_i.o(i.__kernel_cos)
    __kernel_poly                            0x0802e0b1   Thumb Code   170  poly.o(i.__kernel_poly)
    __kernel_sin                             0x0802e15d   Thumb Code   224  sin_i.o(i.__kernel_sin)
    __mathlib_dbl_infnan                     0x0802e249   Thumb Code     6  dunder.o(i.__mathlib_dbl_infnan)
    __mathlib_dbl_infnan2                    0x0802e24f   Thumb Code     4  dunder.o(i.__mathlib_dbl_infnan2)
    __mathlib_dbl_invalid                    0x0802e253   Thumb Code    12  dunder.o(i.__mathlib_dbl_invalid)
    __mathlib_dbl_underflow                  0x0802e261   Thumb Code    10  dunder.o(i.__mathlib_dbl_underflow)
    __mathlib_flt_infnan                     0x0802e271   Thumb Code     6  funder.o(i.__mathlib_flt_infnan)
    __mathlib_flt_infnan2                    0x0802e277   Thumb Code     4  funder.o(i.__mathlib_flt_infnan2)
    __mathlib_flt_invalid                    0x0802e27b   Thumb Code     8  funder.o(i.__mathlib_flt_invalid)
    __mathlib_flt_underflow                  0x0802e283   Thumb Code    10  funder.o(i.__mathlib_flt_underflow)
    __scatterload_copy                       0x0802e28d   Thumb Code    14  handlers.o(i.__scatterload_copy)
    __scatterload_null                       0x0802e29b   Thumb Code     2  handlers.o(i.__scatterload_null)
    __scatterload_zeroinit                   0x0802e29d   Thumb Code    14  handlers.o(i.__scatterload_zeroinit)
    __set_errno                              0x0802e2b1   Thumb Code     6  errno.o(i.__set_errno)
    array_assign                             0x0802e2bd   Thumb Code    22  algorithm_math.o(i.array_assign)
    asin                                     0x0802e2d5   Thumb Code   572  asin.o(i.asin)
    asinf                                    0x0802e545   Thumb Code   254  asinf.o(i.asinf)
    atan                                     0x0802e669   Thumb Code   474  atan.o(i.atan)
    atan2                                    0x0802e889   Thumb Code   346  atan2.o(i.atan2)
    atan2f                                   0x0802ea09   Thumb Code   528  atan2f.o(i.atan2f)
    bsp_InitUsb                              0x0802efc5   Thumb Code   118  usb_hw.o(i.bsp_InitUsb)
    cos                                      0x0802f045   Thumb Code   148  cos.o(i.cos)
    data_limit                               0x0802f0e1   Thumb Code    38  algorithm_math.o(i.data_limit)
    delay                                    0x0802f107   Thumb Code    24  delay.o(i.delay)
    delay5ms                                 0x0802f11f   Thumb Code    14  i2c.o(i.delay5ms)
    delay_init                               0x0802f12d   Thumb Code    56  delay.o(i.delay_init)
    delay_ms                                 0x0802f16d   Thumb Code    56  delay.o(i.delay_ms)
    delay_us                                 0x0802f1a9   Thumb Code    56  delay.o(i.delay_us)
    exeplay_write_appmask                    0x0802f1e5   Thumb Code    40  usb_hw.o(i.exeplay_write_appmask)
    height_speed_ctrl                        0x0802f219   Thumb Code   438  height_ctrl.o(i.height_speed_ctrl)
    i2cInit                                  0x0802f3f5   Thumb Code   196  hard_i2c.o(i.i2cInit)
    loop                                     0x0802fd39   Thumb Code   606  multirotor_app.o(i.loop)
    main                                     0x08030011   Thumb Code   202  main.o(i.main)
    moto_PwmRflash                           0x08030105   Thumb Code   104  moto.o(i.moto_PwmRflash)
    moto_STOP                                0x08030171   Thumb Code    22  moto.o(i.moto_STOP)
    my_deathzoom_2                           0x080304eb   Thumb Code    44  mymath.o(i.my_deathzoom_2)
    paramLoad                                0x080305b1   Thumb Code   130  algorithm_sqlite.o(i.paramLoad)
    sin                                      0x08030659   Thumb Code   150  sin.o(i.sin)
    sqrt                                     0x080306f9   Thumb Code    76  sqrt.o(i.sqrt)
    sqrtf                                    0x08030745   Thumb Code    44  sqrtf.o(i.sqrtf)
    usart_data_RX                            0x08030771   Thumb Code   204  multirotor_radio.o(i.usart_data_RX)
    usb_CableConfig                          0x0803085d   Thumb Code    30  usb_hw.o(i.usb_CableConfig)
    usb_GetRxByte                            0x08030881   Thumb Code    74  usb_hw.o(i.usb_GetRxByte)
    usb_GetTxWord                            0x080308d1   Thumb Code   110  usb_hw.o(i.usb_GetTxWord)
    usb_Istr                                 0x08030949   Thumb Code   100  usb_istr.o(i.usb_Istr)
    usb_PowerOn                              0x080309c1   Thumb Code    54  usb_pwr.o(i.usb_PowerOn)
    usb_SaveHostDataToBuf                    0x08030a01   Thumb Code   206  usb_hw.o(i.usb_SaveHostDataToBuf)
    usb_SendDataToHost                       0x08030ae5   Thumb Code    64  usb_hw.o(i.usb_SendDataToHost)
    Virtual_Com_Port_DeviceDescriptor        0x08030b2c   Data          18  usb_desc.o(.constdata)
    Virtual_Com_Port_ConfigDescriptor        0x08030b3e   Data          67  usb_desc.o(.constdata)
    Virtual_Com_Port_StringLangID            0x08030b81   Data           4  usb_desc.o(.constdata)
    Virtual_Com_Port_StringVendor            0x08030b85   Data          38  usb_desc.o(.constdata)
    Virtual_Com_Port_StringProduct           0x08030bab   Data          50  usb_desc.o(.constdata)
    F6x8                                     0x08030c08   Data         552  oled.o(.constdata)
    F14x16_Idx                               0x08030e30   Data          49  oled.o(.constdata)
    F14x16                                   0x08030e61   Data         672  oled.o(.constdata)
    F8X16                                    0x08031101   Data        1520  oled.o(.constdata)
    LOGO128x64                               0x080316f1   Data        1024  oled.o(.constdata)
    __mathlib_zero                           0x08032138   Data           8  qnan.o(.constdata)
    Region$$Table$$Base                      0x08032230   Number         0  anon$$obj.o(Region$$Table)
    Region$$Table$$Limit                     0x08032250   Number         0  anon$$obj.o(Region$$Table)
    StatusInfo                               0x20000014   Data           2  usb_core.o(.data)
    Data_Mul_MaxPacketSize                   0x20000016   Data           1  usb_core.o(.data)
    EPindex                                  0x20000018   Data           1  usb_init.o(.data)
    pInformation                             0x2000001c   Data           4  usb_init.o(.data)
    pProperty                                0x20000020   Data           4  usb_init.o(.data)
    SaveState                                0x20000024   Data           2  usb_init.o(.data)
    wInterrupt_Mask                          0x20000026   Data           2  usb_init.o(.data)
    pUser_Standard_Requests                  0x20000028   Data           4  usb_init.o(.data)
    SaveRState                               0x2000002c   Data           2  usb_int.o(.data)
    SaveTState                               0x2000002e   Data           2  usb_int.o(.data)
    Virtual_Com_Port_StringSerial            0x20000030   Data          26  usb_desc.o(.data)
    wIstr                                    0x20000050   Data           2  usb_istr.o(.data)
    bIntPackSOF                              0x20000052   Data           1  usb_istr.o(.data)
    pEpInt_IN                                0x20000054   Data          28  usb_istr.o(.data)
    pEpInt_OUT                               0x20000070   Data          28  usb_istr.o(.data)
    linecoding                               0x20000090   Data           8  usb_prop.o(.data)
    Device_Table                             0x20000098   Data           2  usb_prop.o(.data)
    Device_Property                          0x2000009c   Data          48  usb_prop.o(.data)
    User_Standard_Requests                   0x200000cc   Data          36  usb_prop.o(.data)
    Device_Descriptor                        0x200000f0   Data           8  usb_prop.o(.data)
    Config_Descriptor                        0x200000f8   Data           8  usb_prop.o(.data)
    String_Descriptor                        0x20000100   Data          32  usb_prop.o(.data)
    bDeviceState                             0x20000120   Data           4  usb_pwr.o(.data)
    fSuspendEnabled                          0x20000124   Data           1  usb_pwr.o(.data)
    ResumeS                                  0x20000125   Data           2  usb_pwr.o(.data)
    LED                                      0x20000128   Data           4  led.o(.data)
    LEDBuf                                   0x2000012c   Data           1  led.o(.data)
    rxdata                                   0x2000012d   Data           1  spi.o(.data)
    rxdata1                                  0x2000012e   Data           1  spi.o(.data)
    ADC_ConvertedValue                       0x20000130   Data           2  adc.o(.data)
    sendbuf                                  0x20000132   Data           5  usart.o(.data)
    datanum                                  0x20000137   Data           1  usart.o(.data)
    DataVar                                  0x2000013c   Data           2  eeprom.o(.data)
    CurWrAddress                             0x20000140   Data           4  eeprom.o(.data)
    US100_Alt_Temp                           0x20000144   Data           2  pwm_in.o(.data)
    Alt_Last                                 0x20000146   Data           2  pwm_in.o(.data)
    Alt_CuntTmep1                            0x20000148   Data           4  pwm_in.o(.data)
    Alt_CuntTmep2                            0x2000014c   Data           4  pwm_in.o(.data)
    Alt_V_CuntTmep1                          0x20000150   Data           4  pwm_in.o(.data)
    Alt_V_CuntTmep2                          0x20000154   Data           4  pwm_in.o(.data)
    US100_Alt_Last                           0x20000158   Data           4  pwm_in.o(.data)
    ultra_start_f                            0x2000015c   Data           1  pwm_in.o(.data)
    mag_limt                                 0x2000017c   Data           4  hmc5883.o(.data)
    TX_ADDRESS                               0x20000190   Data           5  nrf24l01.o(.data)
    RX_ADDRESS                               0x20000195   Data           5  nrf24l01.o(.data)
    SwitchtoRX                               0x2000019a   Data           1  nrf24l01.o(.data)
    NowMode                                  0x2000019b   Data           1  nrf24l01.o(.data)
    NRFwatchdog                              0x2000019c   Data           1  nrf24l01.o(.data)
    OFF_                                     0x200001a0   Data           8  ms5611.o(.data)
    Aux                                      0x200001a8   Data           4  ms5611.o(.data)
    Altitude                                 0x200001ac   Data           4  ms5611.o(.data)
    dT                                       0x200001b0   Data           8  ms5611.o(.data)
    TEMP                                     0x200001b8   Data           8  ms5611.o(.data)
    OFf                                      0x200001c0   Data           8  ms5611.o(.data)
    SENS                                     0x200001c8   Data           8  ms5611.o(.data)
    D1_Pres                                  0x200001d0   Data           4  ms5611.o(.data)
    D2_Temp                                  0x200001d4   Data           4  ms5611.o(.data)
    Pressure                                 0x200001d8   Data           4  ms5611.o(.data)
    Pressure_old                             0x200001dc   Data           4  ms5611.o(.data)
    qqp                                      0x200001e0   Data           4  ms5611.o(.data)
    TEMP2                                    0x200001e4   Data           4  ms5611.o(.data)
    T2                                       0x200001e8   Data           4  ms5611.o(.data)
    OFF2                                     0x200001ec   Data           4  ms5611.o(.data)
    SENS2                                    0x200001f0   Data           4  ms5611.o(.data)
    IPressure                                0x200001f8   Data           8  ms5611.o(.data)
    DPressure                                0x20000200   Data           8  ms5611.o(.data)
    Pressure_error                           0x20000208   Data           8  ms5611.o(.data)
    Pressure_out                             0x20000210   Data           8  ms5611.o(.data)
    Pressure_new                             0x20000218   Data           8  ms5611.o(.data)
    Pressure_last                            0x20000220   Data           8  ms5611.o(.data)
    lockpressure                             0x20000228   Data           1  ms5611.o(.data)
    Baro_Height_Source                       0x2000022c   Data           4  ms5611.o(.data)
    baro_dis_old                             0x20000230   Data           4  ms5611.o(.data)
    baro_dis_delta                           0x20000234   Data           4  ms5611.o(.data)
    baro_start_f                             0x20000238   Data           1  ms5611.o(.data)
    US100_Alt                                0x20000240   Data           4  ultrasonic.o(.data)
    US100_Alt_delta                          0x20000244   Data           4  ultrasonic.o(.data)
    US100_Alt_old                            0x20000248   Data           4  ultrasonic.o(.data)
    g_Hight                                  0x2000024c   Data           4  ultrasonic.o(.data)
    g_HightOld                               0x20000250   Data           4  ultrasonic.o(.data)
    g_Alt_Hight                              0x20000254   Data           4  ultrasonic.o(.data)
    g_Alt_HightOld                           0x20000258   Data           4  ultrasonic.o(.data)
    g_HightControl                           0x2000025c   Data           4  ultrasonic.o(.data)
    g_HightControlold                        0x20000260   Data           4  ultrasonic.o(.data)
    hight_increment                          0x20000264   Data           4  ultrasonic.o(.data)
    RcvIndex                                 0x20000268   Data           1  ultrasonic.o(.data)
    GLengthHigh                              0x20000269   Data           1  ultrasonic.o(.data)
    GLengthLow                               0x2000026a   Data           1  ultrasonic.o(.data)
    g_hight_Kp                               0x2000026c   Data           4  ultrasonic.o(.data)
    g_hight_Ki                               0x20000270   Data           4  ultrasonic.o(.data)
    g_hight_Kd                               0x20000274   Data           4  ultrasonic.o(.data)
    hight_error                              0x20000278   Data           4  ultrasonic.o(.data)
    hight_errorold                           0x2000027c   Data           4  ultrasonic.o(.data)
    hight_erroroldd                          0x20000280   Data           4  ultrasonic.o(.data)
    cao                                      0x20000284   Data           4  ultrasonic.o(.data)
    med_fil_cnt                              0x20000288   Data           4  algorithm_filter.o(.data)
    VirtAddVarTab                            0x200002e0   Data         150  algorithm_sqlite.o(.data)
    rcReadRawFunc                            0x20000378   Data           4  multirotor_rc.o(.data)
    rcSticks                                 0x2000037c   Data           1  multirotor_rc.o(.data)
    keySticks                                0x2000037d   Data           1  multirotor_rc.o(.data)
    Battery_Voltage                          0x20000388   Data           4  multirotor_app.o(.data)
    NRFRXOK                                  0x2000038c   Data           1  multirotor_app.o(.data)
    RXstate                                  0x2000038d   Data           1  multirotor_app.o(.data)
    tempnum                                  0x2000038e   Data           2  multirotor_app.o(.data)
    testT                                    0x20000390   Data           4  multirotor_app.o(.data)
    testT_old                                0x20000394   Data           4  multirotor_app.o(.data)
    DISARMED_count                           0x20000398   Data           4  multirotor_app.o(.data)
    RC_count                                 0x2000039c   Data           4  multirotor_app.o(.data)
    b_IIR                                    0x200003a0   Data          40  multirotor_ahrs.o(.data)
    a_IIR                                    0x200003c8   Data          40  multirotor_ahrs.o(.data)
    yawangle                                 0x200003f0   Data           4  multirotor_ahrs.o(.data)
    testtime                                 0x200003f4   Data           2  multirotor_ahrs.o(.data)
    NumQ                                     0x200003f8   Data          16  multirotor_ahrs.o(.data)
    MAG                                      0x20000408   Data           6  multirotor_ahrs.o(.data)
    i                                        0x20000428   Data           4  multirotor_radio.o(.data)
    F                                        0x2000042c   Data           4  multirotor_radio.o(.data)
    sw                                       0x20000430   Data           4  multirotor_radio.o(.data)
    HtoEs_test                               0x20000434   Data          64  multirotor_radio.o(.data)
    CHK_SUM                                  0x20000474   Data           4  multirotor_radio.o(.data)
    Flag_Uart_Send                           0x20000478   Data           1  multirotor_radio.o(.data)
    Flag_Request_Data                        0x20000479   Data           1  multirotor_radio.o(.data)
    Flag_HT_GCS_Link                         0x2000047a   Data           1  multirotor_radio.o(.data)
    CH1_data                                 0x2000047c   Data           4  multirotor_radio.o(.data)
    CH2_data                                 0x20000480   Data           4  multirotor_radio.o(.data)
    CH3_data                                 0x20000484   Data           4  multirotor_radio.o(.data)
    CH4_data                                 0x20000488   Data           4  multirotor_radio.o(.data)
    CH5_data                                 0x2000048c   Data           4  multirotor_radio.o(.data)
    CH6_data                                 0x20000490   Data           4  multirotor_radio.o(.data)
    CH7_data                                 0x20000494   Data           4  multirotor_radio.o(.data)
    CH8_data                                 0x20000498   Data           4  multirotor_radio.o(.data)
    CH9_data                                 0x2000049c   Data           4  multirotor_radio.o(.data)
    CH10_data                                0x200004a0   Data           4  multirotor_radio.o(.data)
    CH11_data                                0x200004a4   Data           4  multirotor_radio.o(.data)
    CH12_data                                0x200004a8   Data           4  multirotor_radio.o(.data)
    CH13_data                                0x200004ac   Data           4  multirotor_radio.o(.data)
    CH14_data                                0x200004b0   Data           4  multirotor_radio.o(.data)
    CH15_data                                0x200004b4   Data           4  multirotor_radio.o(.data)
    Longitude_val                            0x200004b8   Data           4  multirotor_radio.o(.data)
    Latitude_Val                             0x200004bc   Data           4  multirotor_radio.o(.data)
    Altitude_Val                             0x200004c0   Data           4  multirotor_radio.o(.data)
    Dir_Val                                  0x200004c4   Data           4  multirotor_radio.o(.data)
    SPD_Val                                  0x200004c8   Data           4  multirotor_radio.o(.data)
    Satellite_Val                            0x200004cc   Data           1  multirotor_radio.o(.data)
    Voltage_Val                              0x200004d0   Data           4  multirotor_radio.o(.data)
    Temperture_Val                           0x200004d4   Data           4  multirotor_radio.o(.data)
    Longitude_WE                             0x200004d8   Data           1  multirotor_radio.o(.data)
    Latitude_NS                              0x200004d9   Data           1  multirotor_radio.o(.data)
    Location_Sta                             0x200004da   Data           1  multirotor_radio.o(.data)
    Pitch_PID_P                              0x200004dc   Data           4  multirotor_radio.o(.data)
    Pitch_PID_I                              0x200004e0   Data           4  multirotor_radio.o(.data)
    Pitch_PID_D                              0x200004e4   Data           4  multirotor_radio.o(.data)
    Roll_PID_P                               0x200004e8   Data           4  multirotor_radio.o(.data)
    Roll_PID_I                               0x200004ec   Data           4  multirotor_radio.o(.data)
    Roll_PID_D                               0x200004f0   Data           4  multirotor_radio.o(.data)
    Yaw_PID_P                                0x200004f4   Data           4  multirotor_radio.o(.data)
    Yaw_PID_I                                0x200004f8   Data           4  multirotor_radio.o(.data)
    Yaw_PID_D                                0x200004fc   Data           4  multirotor_radio.o(.data)
    Alt_PID_P                                0x20000500   Data           4  multirotor_radio.o(.data)
    Alt_PID_I                                0x20000504   Data           4  multirotor_radio.o(.data)
    Alt_PID_D                                0x20000508   Data           4  multirotor_radio.o(.data)
    Pos_PID_P                                0x2000050c   Data           4  multirotor_radio.o(.data)
    Pos_PID_I                                0x20000510   Data           4  multirotor_radio.o(.data)
    Pos_PID_D                                0x20000514   Data           4  multirotor_radio.o(.data)
    fg                                       0x20000518   Data           1  multirotor_radio.o(.data)
    Moto_duty                                0x20000524   Data           8  multirotor_control.o(.data)
    Moto                                     0x2000052c   Data           8  multirotor_control.o(.data)
    motor_array                              0x20000534   Data           4  multirotor_control.o(.data)
    Thr_Weight                               0x20000538   Data           4  multirotor_control.o(.data)
    thr_value                                0x2000053c   Data           4  multirotor_control.o(.data)
    Thr_Low                                  0x20000540   Data           1  multirotor_control.o(.data)
    date_throttle                            0x20000544   Data           4  multirotor_control.o(.data)
    timetoconver                             0x20000550   Data           1  multirotor_altitute.o(.data)
    keephigh                                 0x20000551   Data           1  multirotor_altitute.o(.data)
    Ultrasonic_OK                            0x20000552   Data           1  multirotor_altitute.o(.data)
    Acc_OK                                   0x20000553   Data           1  multirotor_altitute.o(.data)
    Pressure_OK                              0x20000554   Data           1  multirotor_altitute.o(.data)
    TxCounter                                0x20000555   Data           1  stm32f10x_it.o(.data)
    count                                    0x20000556   Data           1  stm32f10x_it.o(.data)
    Rxcounter                                0x20000557   Data           1  stm32f10x_it.o(.data)
    count_rx                                 0x20000558   Data           1  stm32f10x_it.o(.data)
    realtime                                 0x2000055c   Data           4  ano_dt.o(.data)
    realdata                                 0x20000560   Data           4  ano_dt.o(.data)
    height_ctrl_out                          0x20000570   Data           4  height_ctrl.o(.data)
    wz_acc                                   0x20000574   Data           4  height_ctrl.o(.data)
    keepheight_thr                           0x20000578   Data           4  height_ctrl.o(.data)
    lock                                     0x2000057c   Data           1  height_ctrl.o(.data)
    exp_height_speed                         0x20000580   Data           4  height_ctrl.o(.data)
    exp_height                               0x20000584   Data           4  height_ctrl.o(.data)
    ultra_speed                              0x20000588   Data           4  height_ctrl.o(.data)
    ultra_speed_acc                          0x2000058c   Data           4  height_ctrl.o(.data)
    ultra_dis_lpf                            0x20000590   Data           4  height_ctrl.o(.data)
    ultra_ctrl_out                           0x20000594   Data           4  height_ctrl.o(.data)
    wz_speed                                 0x20000598   Data           4  height_ctrl.o(.data)
    wz_acc_mms2                              0x2000059c   Data           4  height_ctrl.o(.data)
    tempacc_lpf                              0x200005a0   Data           4  height_ctrl.o(.data)
    lock_spd_crl                             0x200005a4   Data           1  height_ctrl.o(.data)
    baro_height                              0x200005a8   Data           4  height_ctrl.o(.data)
    baro_height_old                          0x200005ac   Data           4  height_ctrl.o(.data)
    lock_BARO                                0x200005b0   Data           1  height_ctrl.o(.data)
    baro_dis_lpf                             0x200005b4   Data           4  height_ctrl.o(.data)
    baro_dis_kalman                          0x200005b8   Data           4  height_ctrl.o(.data)
    baro_ctrl_out                            0x200005bc   Data           4  height_ctrl.o(.data)
    baro_cnt                                 0x200005c0   Data           4  height_ctrl.o(.data)
    acc_cnt                                  0x200005c4   Data           4  height_ctrl.o(.data)
    baro_speed                               0x200005c8   Data           4  height_ctrl.o(.data)
    baro_speed_lpf                           0x200005cc   Data           4  height_ctrl.o(.data)
    Pressure_groud                           0x200005d0   Data           4  height_ctrl.o(.data)
    Device_Info                              0x200005f8   Data          28  usb_init.o(.bss)
    g_tUsbFifo                               0x20000614   Data        4106  usb_hw.o(.bss)
    Rise                                     0x2000161e   Data          16  pwm_in.o(.bss)
    Drop                                     0x2000162e   Data          16  pwm_in.o(.bss)
    RC_Pwm_In                                0x2000163e   Data          16  pwm_in.o(.bss)
    RC_Pwm_In_his                            0x2000164e   Data          16  pwm_in.o(.bss)
    STMFLASH_BUF                             0x2000165e   Data        2048  stmflash.o(.bss)
    mpu6050_buffer                           0x20001e60   Data          14  mpu6050.o(.bss)
    sensor                                   0x20001e70   Data         104  mpu6050.o(.bss)
    HMC58X3_limit                            0x20001ed8   Data          12  hmc5883.o(.bss)
    magdata                                  0x20001ee4   Data          12  hmc5883.o(.bss)
    Cal_C                                    0x20001f00   Data          28  ms5611.o(.bss)
    Pres_BUFFER                              0x20001f1c   Data          80  ms5611.o(.bss)
    Temp_BUFFER                              0x20001f6c   Data         400  ms5611.o(.bss)
    Pressure_Filterbuffer                    0x20002100   Data          80  ms5611.o(.bss)
    med_filter_tmp                           0x20002150   Data         176  algorithm_filter.o(.bss)
    med_filter_out                           0x20002200   Data          16  algorithm_filter.o(.bss)
    RC_Data                                  0x20002da4   Data          28  multirotor_rc.o(.bss)
    RXBUF                                    0x20002e10   Data          32  multirotor_app.o(.bss)
    flag                                     0x20002e30   Data          23  multirotor_app.o(.bss)
    Kalman_Data                              0x20002e48   Data          16  multirotor_app.o(.bss)
    InPut_IIR                                0x20002e68   Data         120  multirotor_ahrs.o(.bss)
    OutPut_IIR                               0x20002ee0   Data         120  multirotor_ahrs.o(.bss)
    AngE                                     0x20002f58   Data          12  multirotor_ahrs.o(.bss)
    IMU                                      0x20002f64   Data          12  multirotor_ahrs.o(.bss)
    V                                        0x20002f70   Data          12  multirotor_ahrs.o(.bss)
    HtoEs_OutPut_Buffer                      0x20002f7c   Data          64  multirotor_radio.o(.bss)
    ctrl                                     0x2000307c   Data         220  multirotor_control.o(.bss)
    Target                                   0x20003158   Data          16  multirotor_control.o(.bss)
    TxBuffer                                 0x20003168   Data         256  stm32f10x_it.o(.bss)
    Rx_Buf                                   0x20003268   Data         256  stm32f10x_it.o(.bss)
    f                                        0x20003368   Data          16  ano_dt.o(.bss)
    data_to_send                             0x20003378   Data          96  ano_dt.o(.bss)
    userdata1                                0x200033d8   Data          52  ano_dt.o(.bss)
    userdata2                                0x2000340c   Data          52  ano_dt.o(.bss)
    ultra_ctrl                               0x20003440   Data          20  height_ctrl.o(.bss)
    ultra_pid                                0x20003454   Data          12  height_ctrl.o(.bss)
    wz_speed_pid_v                           0x20003460   Data          20  height_ctrl.o(.bss)
    wz_speed_pid                             0x20003474   Data          12  height_ctrl.o(.bss)
    ultra_wz_speed_pid                       0x20003480   Data          12  height_ctrl.o(.bss)
    baro_wz_speed_pid                        0x2000348c   Data          12  height_ctrl.o(.bss)
    baro_speed_arr                           0x20003498   Data          44  height_ctrl.o(.bss)
    acc_speed_arr                            0x200034c4   Data         204  height_ctrl.o(.bss)
    baro_ctrl                                0x20003590   Data          20  height_ctrl.o(.bss)
    baro_pid                                 0x200035a4   Data          12  height_ctrl.o(.bss)
    __initial_sp                             0x200055b0   Data           0  startup_stm32f10x_hd.o(STACK)



==============================================================================

Memory Map of the image

  Image Entry point : 0x08020131

  Load Region LR_IROM1 (Base: 0x08020000, Size: 0x00012848, Max: 0x00080000, ABSOLUTE, COMPRESSED[0x000123e0])

    Execution Region ER_IROM1 (Base: 0x08020000, Size: 0x00012250, Max: 0x00080000, ABSOLUTE)

    Base Addr    Size         Type   Attr      Idx    E Section Name        Object

    0x08020000   0x00000130   Data   RO          132    RESET               startup_stm32f10x_hd.o
    0x08020130   0x00000000   Code   RO         5593  * .ARM.Collect$$$$00000000  mc_w.l(entry.o)
    0x08020130   0x00000004   Code   RO         5708    .ARM.Collect$$$$00000001  mc_w.l(entry2.o)
    0x08020134   0x00000004   Code   RO         5711    .ARM.Collect$$$$00000004  mc_w.l(entry5.o)
    0x08020138   0x00000000   Code   RO         5713    .ARM.Collect$$$$00000008  mc_w.l(entry7b.o)
    0x08020138   0x00000000   Code   RO         5715    .ARM.Collect$$$$0000000A  mc_w.l(entry8b.o)
    0x08020138   0x00000008   Code   RO         5716    .ARM.Collect$$$$0000000B  mc_w.l(entry9a.o)
    0x08020140   0x00000000   Code   RO         5718    .ARM.Collect$$$$0000000D  mc_w.l(entry10a.o)
    0x08020140   0x00000000   Code   RO         5720    .ARM.Collect$$$$0000000F  mc_w.l(entry11a.o)
    0x08020140   0x00000004   Code   RO         5709    .ARM.Collect$$$$00002712  mc_w.l(entry2.o)
    0x08020144   0x00000024   Code   RO          133    .text               startup_stm32f10x_hd.o
    0x08020168   0x00000062   Code   RO         5596    .text               mc_w.l(uldiv.o)
    0x080201ca   0x00000024   Code   RO         5598    .text               mc_w.l(memcpya.o)
    0x080201ee   0x00000024   Code   RO         5600    .text               mc_w.l(memseta.o)
    0x08020212   0x000000b0   Code   RO         5604    .text               mf_w.l(fadd.o)
    0x080202c2   0x00000064   Code   RO         5606    .text               mf_w.l(fmul.o)
    0x08020326   0x0000007c   Code   RO         5608    .text               mf_w.l(fdiv.o)
    0x080203a2   0x0000014e   Code   RO         5610    .text               mf_w.l(dadd.o)
    0x080204f0   0x000000e4   Code   RO         5612    .text               mf_w.l(dmul.o)
    0x080205d4   0x000000de   Code   RO         5614    .text               mf_w.l(ddiv.o)
    0x080206b2   0x00000012   Code   RO         5616    .text               mf_w.l(fflti.o)
    0x080206c4   0x0000000a   Code   RO         5618    .text               mf_w.l(ffltui.o)
    0x080206ce   0x0000001c   Code   RO         5620    .text               mf_w.l(ffltul.o)
    0x080206ea   0x00000022   Code   RO         5622    .text               mf_w.l(dflti.o)
    0x0802070c   0x0000001a   Code   RO         5624    .text               mf_w.l(dfltui.o)
    0x08020726   0x00000018   Code   RO         5626    .text               mf_w.l(dfltul.o)
    0x0802073e   0x00000032   Code   RO         5628    .text               mf_w.l(ffixi.o)
    0x08020770   0x00000028   Code   RO         5630    .text               mf_w.l(ffixui.o)
    0x08020798   0x0000003e   Code   RO         5632    .text               mf_w.l(dfixi.o)
    0x080207d6   0x00000032   Code   RO         5634    .text               mf_w.l(dfixui.o)
    0x08020808   0x00000026   Code   RO         5636    .text               mf_w.l(f2d.o)
    0x0802082e   0x00000002   PAD
    0x08020830   0x00000030   Code   RO         5638    .text               mf_w.l(cdcmple.o)
    0x08020860   0x00000038   Code   RO         5642    .text               mf_w.l(d2f.o)
    0x08020898   0x00000014   Code   RO         5644    .text               mf_w.l(cfcmple.o)
    0x080208ac   0x00000014   Code   RO         5646    .text               mf_w.l(cfrcmple.o)
    0x080208c0   0x0000001e   Code   RO         5722    .text               mc_w.l(llshl.o)
    0x080208de   0x00000020   Code   RO         5724    .text               mc_w.l(llushr.o)
    0x080208fe   0x00000024   Code   RO         5726    .text               mc_w.l(llsshr.o)
    0x08020922   0x00000000   Code   RO         5735    .text               mc_w.l(iusefp.o)
    0x08020922   0x0000006e   Code   RO         5736    .text               mf_w.l(fepilogue.o)
    0x08020990   0x00000018   Code   RO         5738    .text               mf_w.l(fscalb.o)
    0x080209a8   0x000000ba   Code   RO         5742    .text               mf_w.l(depilogue.o)
    0x08020a62   0x0000002e   Code   RO         5744    .text               mf_w.l(dscalb.o)
    0x08020a90   0x000000a2   Code   RO         5746    .text               mf_w.l(dsqrt.o)
    0x08020b32   0x00000002   PAD
    0x08020b34   0x00000024   Code   RO         5748    .text               mc_w.l(init.o)
    0x08020b58   0x0000005e   Code   RO         5750    .text               mf_w.l(fsqrt.o)
    0x08020bb6   0x00000056   Code   RO         5760    .text               mc_w.l(__dczerorl2.o)
    0x08020c0c   0x00000038   Code   RO         3573    i.ADC1_GPIO_Config  adc.o
    0x08020c44   0x0000000c   Code   RO         3574    i.ADC1_Init         adc.o
    0x08020c50   0x000000e0   Code   RO         3575    i.ADC1_Mode_Config  adc.o
    0x08020d30   0x00000016   Code   RO         1489    i.ADC_Cmd           stm32f10x_adc.o
    0x08020d46   0x00000016   Code   RO         1490    i.ADC_DMACmd        stm32f10x_adc.o
    0x08020d5c   0x00000016   Code   RO         1494    i.ADC_ExternalTrigConvCmd  stm32f10x_adc.o
    0x08020d72   0x00000014   Code   RO         1497    i.ADC_GetCalibrationStatus  stm32f10x_adc.o
    0x08020d86   0x00000014   Code   RO         1503    i.ADC_GetResetCalibrationStatus  stm32f10x_adc.o
    0x08020d9a   0x00000002   PAD
    0x08020d9c   0x00000050   Code   RO         1507    i.ADC_Init          stm32f10x_adc.o
    0x08020dec   0x000000b8   Code   RO         1511    i.ADC_RegularChannelConfig  stm32f10x_adc.o
    0x08020ea4   0x0000000a   Code   RO         1512    i.ADC_ResetCalibration  stm32f10x_adc.o
    0x08020eae   0x00000016   Code   RO         1514    i.ADC_SoftwareStartConvCmd  stm32f10x_adc.o
    0x08020ec4   0x0000000a   Code   RO         1516    i.ADC_StartCalibration  stm32f10x_adc.o
    0x08020ece   0x00000002   PAD
    0x08020ed0   0x00000278   Code   RO         5029    i.AHRS_GetQ         multirotor_ahrs.o
    0x08021148   0x0000025c   Code   RO         5030    i.AHRS_Geteuler     multirotor_ahrs.o
    0x080213a4   0x00000170   Code   RO         5031    i.AHRS_getValues    multirotor_ahrs.o
    0x08021514   0x00000078   Code   RO         4282    i.Accl_OFFSET       mpu6050.o
    0x0802158c   0x00000030   Code   RO         5208    i.Altitute_calculate  multirotor_altitute.o
    0x080215bc   0x0000354c   Code   RO         4859    i.AttitudeEKF       attitudeekf.o
    0x08024b08   0x0000003c   Code   RO         4860    i.AttitudeEKF_init  attitudeekf.o
    0x08024b44   0x0000001c   Code   RO         4861    i.AttitudeEKF_initialize  attitudeekf.o
    0x08024b60   0x0000028c   Code   RO         5159    i.Attitude_RatePID  multirotor_control.o
    0x08024dec   0x00000258   Code   RO         5432    i.Baro_Ctrl         height_ctrl.o
    0x08025044   0x0000001c   Code   RO         5433    i.Baro_PID_Init     height_ctrl.o
    0x08025060   0x0000020c   Code   RO         5434    i.Baro_dataporcess  height_ctrl.o
    0x0802526c   0x00000024   Code   RO         4972    i.Bootloader_Set    multirotor_app.o
    0x08025290   0x00000004   Code   RO         5259    i.BusFault_Handler  stm32f10x_it.o
    0x08025294   0x0000000c   Code   RO         2441    i.ByteSwap          usb_regs.o
    0x080252a0   0x0000019c   Code   RO         5160    i.CONTROL           multirotor_control.o
    0x0802543c   0x00000288   Code   RO         2394    i.CTR_LP            usb_int.o
    0x080256c4   0x00000130   Code   RO         5161    i.Calculate_Target  multirotor_control.o
    0x080257f4   0x00000034   Code   RO         2442    i.ClearDTOG_RX      usb_regs.o
    0x08025828   0x00000034   Code   RO         2443    i.ClearDTOG_TX      usb_regs.o
    0x0802585c   0x00000028   Code   RO         2448    i.Clear_Status_Out  usb_regs.o
    0x08025884   0x00000018   Code   RO         5260    i.DMA1_Channel4_IRQHandler  stm32f10x_it.o
    0x0802589c   0x0000001c   Code   RO         1705    i.DMA_ClearFlag     stm32f10x_dma.o
    0x080258b8   0x00000018   Code   RO         1707    i.DMA_Cmd           stm32f10x_dma.o
    0x080258d0   0x0000014c   Code   RO         1708    i.DMA_DeInit        stm32f10x_dma.o
    0x08025a1c   0x00000012   Code   RO         1712    i.DMA_ITConfig      stm32f10x_dma.o
    0x08025a2e   0x0000003c   Code   RO         1713    i.DMA_Init          stm32f10x_dma.o
    0x08025a6a   0x00000002   PAD
    0x08025a6c   0x00000068   Code   RO         3673    i.DMA_USART1_Configuration  usart.o
    0x08025ad4   0x000000c0   Code   RO         2218    i.DataStageIn       usb_core.o
    0x08025b94   0x000000bc   Code   RO         2219    i.DataStageOut      usb_core.o
    0x08025c50   0x00000048   Code   RO         4682    i.Data_Parser       algorithm_sqlite.o
    0x08025c98   0x00000298   Code   RO         2220    i.Data_Setup0       usb_core.o
    0x08025f30   0x00000002   Code   RO         5261    i.DebugMon_Handler  stm32f10x_it.o
    0x08025f32   0x00000002   PAD
    0x08025f34   0x0000002c   Code   RO         4619    i.Degree            algorithm_math.o
    0x08025f60   0x000001bc   Code   RO         3998    i.Dis_Float         oled.o
    0x0802611c   0x00000038   Code   RO         4002    i.Draw_Logo         oled.o
    0x08026154   0x0000008c   Code   RO         4933    i.ECS_Calibrate     multirotor_rc.o
    0x080261e0   0x00000058   Code   RO         3771    i.EE_FindValidPage  eeprom.o
    0x08026238   0x0000003c   Code   RO         3772    i.EE_Format         eeprom.o
    0x08026274   0x00000010   Code   RO         3773    i.EE_Init           eeprom.o
    0x08026284   0x000000f4   Code   RO         3774    i.EE_PageTransfer   eeprom.o
    0x08026378   0x00000030   Code   RO         4683    i.EE_READ_ACC_OFFSET  algorithm_sqlite.o
    0x080263a8   0x000002b8   Code   RO         4684    i.EE_READ_Attitude_PID  algorithm_sqlite.o
    0x08026660   0x00000054   Code   RO         4685    i.EE_READ_MAG_OFFSET  algorithm_sqlite.o
    0x080266b4   0x00000064   Code   RO         3775    i.EE_ReadVariable   eeprom.o
    0x08026718   0x00000038   Code   RO         4686    i.EE_SAVE_ACC_OFFSET  algorithm_sqlite.o
    0x08026750   0x0000028c   Code   RO         4687    i.EE_SAVE_Attitude_PID  algorithm_sqlite.o
    0x080269dc   0x0000002c   Code   RO         4688    i.EE_SAVE_MAG_OFFSET  algorithm_sqlite.o
    0x08026a08   0x00000088   Code   RO         3776    i.EE_VerifyPageFullWriteVariable  eeprom.o
    0x08026a90   0x00000024   Code   RO         3777    i.EE_WriteVariable  eeprom.o
    0x08026ab4   0x0000004c   Code   RO         2841    i.EP1_IN_Callback   usb_endp.o
    0x08026b00   0x00000020   Code   RO         2842    i.EP3_OUT_Callback  usb_endp.o
    0x08026b20   0x0000004c   Code   RO         1782    i.FLASH_ErasePage   stm32f10x_flash.o
    0x08026b6c   0x00000034   Code   RO         1783    i.FLASH_GetBank1Status  stm32f10x_flash.o
    0x08026ba0   0x00000014   Code   RO         1792    i.FLASH_Lock        stm32f10x_flash.o
    0x08026bb4   0x00000040   Code   RO         1795    i.FLASH_ProgramHalfWord  stm32f10x_flash.o
    0x08026bf4   0x00000018   Code   RO         1800    i.FLASH_Unlock      stm32f10x_flash.o
    0x08026c0c   0x00000026   Code   RO         1804    i.FLASH_WaitForLastOperation  stm32f10x_flash.o
    0x08026c32   0x00000002   PAD
    0x08026c34   0x00000068   Code   RO         3285    i.FailSafeLEDAlarm  led.o
    0x08026c9c   0x00000116   Code   RO          563    i.GPIO_Init         stm32f10x_gpio.o
    0x08026db2   0x00000002   PAD
    0x08026db4   0x00000090   Code   RO          565    i.GPIO_PinRemapConfig  stm32f10x_gpio.o
    0x08026e44   0x00000012   Code   RO          567    i.GPIO_ReadInputDataBit  stm32f10x_gpio.o
    0x08026e56   0x00000004   Code   RO          570    i.GPIO_ResetBits    stm32f10x_gpio.o
    0x08026e5a   0x00000004   Code   RO          571    i.GPIO_SetBits      stm32f10x_gpio.o
    0x08026e5e   0x00000002   PAD
    0x08026e60   0x00000020   Code   RO         2460    i.GetEPRxAddr       usb_regs.o
    0x08026e80   0x00000024   Code   RO         2461    i.GetEPRxCount      usb_regs.o
    0x08026ea4   0x00000020   Code   RO         2463    i.GetEPTxAddr       usb_regs.o
    0x08026ec4   0x00000058   Code   RO         4442    i.Get_High          ms5611.o
    0x08026f1c   0x00000034   Code   RO         2882    i.Get_SerialNum     usb_hw.o
    0x08026f50   0x00000070   Code   RO         4283    i.Gyro_Caloffest    mpu6050.o
    0x08026fc0   0x0000020c   Code   RO         4284    i.Gyro_OFFSET       mpu6050.o
    0x080271cc   0x00000190   Code   RO         4331    i.HMC5883lRead      hmc5883.o
    0x0802735c   0x000000b4   Code   RO         5068    i.HT_GCS_Link       multirotor_radio.o
    0x08027410   0x00000004   Code   RO         5262    i.HardFault_Handler  stm32f10x_it.o
    0x08027414   0x00000540   Code   RO         5435    i.Height_Ctrl       height_ctrl.o
    0x08027954   0x00000134   Code   RO         5069    i.HtoEs_Attitude_Data_Generate  multirotor_radio.o
    0x08027a88   0x000000bc   Code   RO         5072    i.HtoEs_HUD_Data_Generate  multirotor_radio.o
    0x08027b44   0x00000118   Code   RO         5073    i.HtoEs_MOTO_Data_Generate  multirotor_radio.o
    0x08027c5c   0x00000164   Code   RO         5075    i.HtoEs_RC_Data_Generate  multirotor_radio.o
    0x08027dc0   0x0000007c   Code   RO         5076    i.HtoEs_Version_Data_Generate  multirotor_radio.o
    0x08027e3c   0x00000008   Code   RO         3862    i.I2C1_ER_IRQHandler  hard_i2c.o
    0x08027e44   0x00000008   Code   RO         3863    i.I2C1_EV_IRQHandler  hard_i2c.o
    0x08027e4c   0x00000008   Code   RO         3864    i.I2C2_ER_IRQHandler  hard_i2c.o
    0x08027e54   0x00000008   Code   RO         3865    i.I2C2_EV_IRQHandler  hard_i2c.o
    0x08027e5c   0x0000003c   Code   RO         3489    i.I2C_Ack           i2c.o
    0x08027e98   0x00000018   Code   RO         1952    i.I2C_AcknowledgeConfig  stm32f10x_i2c.o
    0x08027eb0   0x00000018   Code   RO         1957    i.I2C_Cmd           stm32f10x_i2c.o
    0x08027ec8   0x00000038   Code   RO         1960    i.I2C_DeInit        stm32f10x_i2c.o
    0x08027f00   0x00000018   Code   RO         1964    i.I2C_GenerateSTART  stm32f10x_i2c.o
    0x08027f18   0x00000018   Code   RO         1965    i.I2C_GenerateSTOP  stm32f10x_i2c.o
    0x08027f30   0x00000050   Code   RO         3490    i.I2C_INIT          i2c.o
    0x08027f80   0x00000012   Code   RO         1970    i.I2C_ITConfig      stm32f10x_i2c.o
    0x08027f92   0x00000002   PAD
    0x08027f94   0x000000ec   Code   RO         1971    i.I2C_Init          stm32f10x_i2c.o
    0x08028080   0x0000003c   Code   RO         3491    i.I2C_NoAck         i2c.o
    0x080280bc   0x00000058   Code   RO         3492    i.I2C_RadeByte      i2c.o
    0x08028114   0x00000064   Code   RO         3493    i.I2C_Read          i2c.o
    0x08028178   0x00000012   Code   RO         1978    i.I2C_Send7bitAddress  stm32f10x_i2c.o
    0x0802818a   0x00000002   PAD
    0x0802818c   0x0000005c   Code   RO         3494    i.I2C_SendByte      i2c.o
    0x080281e8   0x00000060   Code   RO         3495    i.I2C_Start         i2c.o
    0x08028248   0x0000003c   Code   RO         3496    i.I2C_Stop          i2c.o
    0x08028284   0x0000001e   Code   RO         1982    i.I2C_StructInit    stm32f10x_i2c.o
    0x080282a2   0x00000002   PAD
    0x080282a4   0x0000005c   Code   RO         3497    i.I2C_WaitAck       i2c.o
    0x08028300   0x00000004   Code   RO         3498    i.I2C_delay         i2c.o
    0x08028304   0x000000f2   Code   RO         4573    i.IIR_I_Filter      algorithm_filter.o
    0x080283f6   0x00000002   PAD
    0x080283f8   0x00000070   Code   RO         2221    i.In0_Process       usb_core.o
    0x08028468   0x00000064   Code   RO         4973    i.InitBoard         multirotor_app.o
    0x080284cc   0x00000064   Code   RO         3778    i.InitCurrWrAddress  eeprom.o
    0x08028530   0x00000048   Code   RO         4285    i.InitMPU6050       mpu6050.o
    0x08028578   0x0000003a   Code   RO         4332    i.Init_HMC5883L     hmc5883.o
    0x080285b2   0x0000003e   Code   RO         2883    i.IntToUnicode      usb_hw.o
    0x080285f0   0x00000060   Code   RO         3286    i.LEDReflash        led.o
    0x08028650   0x000001a4   Code   RO         3287    i.LED_BLUE_SHOW     led.o
    0x080287f4   0x000000b8   Code   RO         3288    i.LED_Fsm           led.o
    0x080288ac   0x00000098   Code   RO         3289    i.LED_GPIO_Config   led.o
    0x08028944   0x00000070   Code   RO         3290    i.LED_SHOW          led.o
    0x080289b4   0x00000032   Code   RO         4575    i.LPF_1st           algorithm_filter.o
    0x080289e6   0x00000002   PAD
    0x080289e8   0x000000fc   Code   RO         5436    i.LockForKeepHigh   height_ctrl.o
    0x08028ae4   0x000000c8   Code   RO         4286    i.MPU6050_Dataanl   mpu6050.o
    0x08028bac   0x00000098   Code   RO         4287    i.MPU6050_Read      mpu6050.o
    0x08028c44   0x00000020   Code   RO         4443    i.MS561101BA_RESET  ms5611.o
    0x08028c64   0x00000062   Code   RO         4444    i.MS561101BA_getConversion  ms5611.o
    0x08028cc6   0x00000002   PAD
    0x08028cc8   0x00000300   Code   RO         4445    i.MS561101BA_getPressure  ms5611.o
    0x08028fc8   0x000000d8   Code   RO         4446    i.MS561101BA_getTemperature  ms5611.o
    0x080290a0   0x00000022   Code   RO         4447    i.MS561101BA_startConversion  ms5611.o
    0x080290c2   0x00000002   PAD
    0x080290c4   0x0000008c   Code   RO         4448    i.MS5611_init       ms5611.o
    0x08029150   0x00000288   Code   RO         4333    i.Mag_Calibration   hmc5883.o
    0x080293d8   0x00000004   Code   RO         5263    i.MemManage_Handler  stm32f10x_it.o
    0x080293dc   0x00000288   Code   RO         5162    i.Motor_Conter      multirotor_control.o
    0x08029664   0x0000006c   Code   RO         4576    i.Moving_Average    algorithm_filter.o
    0x080296d0   0x000000c0   Code   RO         4577    i.Moving_Median     algorithm_filter.o
    0x08029790   0x00000002   Code   RO         5264    i.NMI_Handler       stm32f10x_it.o
    0x08029792   0x00000002   Code   RO         2222    i.NOP_Process       usb_core.o
    0x08029794   0x00000058   Code   RO         4363    i.NRF24L01_Check    nrf24l01.o
    0x080297ec   0x000000f8   Code   RO         4365    i.NRF24L01_Mode     nrf24l01.o
    0x080298e4   0x00000044   Code   RO         4366    i.NRF24L01_Read_Buf  nrf24l01.o
    0x08029928   0x00000044   Code   RO         4371    i.NRF24L01_Write_Buf  nrf24l01.o
    0x0802996c   0x00000030   Code   RO         4372    i.NRF24L01_Write_Reg  nrf24l01.o
    0x0802999c   0x00000070   Code   RO          341    i.NVIC_Init         misc.o
    0x08029a0c   0x00000014   Code   RO          342    i.NVIC_PriorityGroupConfig  misc.o
    0x08029a20   0x00000138   Code   RO         2223    i.NoData_Setup0     usb_core.o
    0x08029b58   0x00000098   Code   RO         3601    i.Nvic_Init         time.o
    0x08029bf0   0x00000054   Code   RO         4004    i.OLED_3num         oled.o
    0x08029c44   0x00000086   Code   RO         4005    i.OLED_4num         oled.o
    0x08029cca   0x00000018   Code   RO         4007    i.OLED_DLY_ms       oled.o
    0x08029ce2   0x00000002   PAD
    0x08029ce4   0x00000114   Code   RO         4974    i.OLED_Display      multirotor_app.o
    0x08029df8   0x0000003a   Code   RO         4008    i.OLED_Fill         oled.o
    0x08029e32   0x00000002   PAD
    0x08029e34   0x00000118   Code   RO         4009    i.OLED_Init         oled.o
    0x08029f4c   0x00000040   Code   RO         4010    i.OLED_Num          oled.o
    0x08029f8c   0x00000100   Code   RO         4012    i.OLED_P14x16Str    oled.o
    0x0802a08c   0x00000064   Code   RO         4014    i.OLED_P6x8Str      oled.o
    0x0802a0f0   0x00000088   Code   RO         4016    i.OLED_P8x16Str     oled.o
    0x0802a178   0x00000064   Code   RO         4017    i.OLED_Print        oled.o
    0x0802a1dc   0x00000024   Code   RO         4018    i.OLED_Set_Pos      oled.o
    0x0802a200   0x00000060   Code   RO         4019    i.OLED_WR_Byte      oled.o
    0x0802a260   0x00000058   Code   RO         4020    i.OLED_WrCmd        oled.o
    0x0802a2b8   0x0000005c   Code   RO         4021    i.OLED_WrDat        oled.o
    0x0802a314   0x00000050   Code   RO         2224    i.Out0_Process      usb_core.o
    0x0802a364   0x00000028   Code   RO         2423    i.PMAToUserBufferCopy  usb_mem.o
    0x0802a38c   0x00000184   Code   RO         3831    i.PWM_IN_Config     pwm_in.o
    0x0802a510   0x0000005c   Code   RO         3622    i.PWM_OUT_Config    moto.o
    0x0802a56c   0x00000002   Code   RO         5265    i.PendSV_Handler    stm32f10x_it.o
    0x0802a56e   0x00000002   PAD
    0x0802a570   0x00000048   Code   RO         2225    i.Post0_Process     usb_core.o
    0x0802a5b8   0x00000050   Code   RO         4620    i.Q_rsqrt           algorithm_math.o
    0x0802a608   0x0000007a   Code   RO         4737    i.Quaternion_Normalize  algorithm_quaternion.o
    0x0802a682   0x00000120   Code   RO         4738    i.Quaternion_RungeKutta  algorithm_quaternion.o
    0x0802a7a2   0x00000002   PAD
    0x0802a7a4   0x00000134   Code   RO         4739    i.Quaternion_ToAngE  algorithm_quaternion.o
    0x0802a8d8   0x00000094   Code   RO         4741    i.Quaternion_vectorGravity  algorithm_quaternion.o
    0x0802a96c   0x00000018   Code   RO          137    i.RCC_ADCCLKConfig  stm32f10x_rcc.o
    0x0802a984   0x00000020   Code   RO          138    i.RCC_AHBPeriphClockCmd  stm32f10x_rcc.o
    0x0802a9a4   0x00000020   Code   RO          139    i.RCC_APB1PeriphClockCmd  stm32f10x_rcc.o
    0x0802a9c4   0x00000020   Code   RO          140    i.RCC_APB1PeriphResetCmd  stm32f10x_rcc.o
    0x0802a9e4   0x00000020   Code   RO          141    i.RCC_APB2PeriphClockCmd  stm32f10x_rcc.o
    0x0802aa04   0x00000020   Code   RO          142    i.RCC_APB2PeriphResetCmd  stm32f10x_rcc.o
    0x0802aa24   0x000000d8   Code   RO          149    i.RCC_GetClocksFreq  stm32f10x_rcc.o
    0x0802aafc   0x0000000c   Code   RO          167    i.RCC_USBCLKConfig  stm32f10x_rcc.o
    0x0802ab08   0x00000168   Code   RO         4934    i.RC_Data_Refine    multirotor_rc.o
    0x0802ac70   0x00000230   Code   RO         4935    i.RC_directive      multirotor_rc.o
    0x0802aea0   0x00000014   Code   RO         4936    i.RDAU              multirotor_rc.o
    0x0802aeb4   0x0000002c   Code   RO         4621    i.Rad               algorithm_math.o
    0x0802aee0   0x00000018   Code   RO         5163    i.Reset_Integral    multirotor_control.o
    0x0802aef8   0x00000030   Code   RO         2843    i.SOF_Callback      usb_endp.o
    0x0802af28   0x00000054   Code   RO         3459    i.SPI3_ReadWriteByte  spi.o
    0x0802af7c   0x00000012   Code   RO          804    i.SPI_I2S_GetFlagStatus  stm32f10x_spi.o
    0x0802af8e   0x00000006   Code   RO          807    i.SPI_I2S_ReceiveData  stm32f10x_spi.o
    0x0802af94   0x00000004   Code   RO          808    i.SPI_I2S_SendData  stm32f10x_spi.o
    0x0802af98   0x00000022   Code   RO         3951    i.STMFLASH_Read     stmflash.o
    0x0802afba   0x00000006   Code   RO         3952    i.STMFLASH_ReadHalfWord  stmflash.o
    0x0802afc0   0x000000e8   Code   RO         3953    i.STMFLASH_Write    stmflash.o
    0x0802b0a8   0x00000026   Code   RO         3954    i.STMFLASH_Write_NoCheck  stmflash.o
    0x0802b0ce   0x00000002   Code   RO         5266    i.SVC_Handler       stm32f10x_it.o
    0x0802b0d0   0x00000068   Code   RO         4975    i.Screen_Update     multirotor_app.o
    0x0802b138   0x00000030   Code   RO         4976    i.Sensor_Init       multirotor_app.o
    0x0802b168   0x00000010   Code   RO         2471    i.SetBTABLE         usb_regs.o
    0x0802b178   0x00000050   Code   RO         2226    i.SetDeviceAddress  usb_core.o
    0x0802b1c8   0x00000024   Code   RO         2485    i.SetEPRxAddr       usb_regs.o
    0x0802b1ec   0x0000004c   Code   RO         2486    i.SetEPRxCount      usb_regs.o
    0x0802b238   0x00000040   Code   RO         2487    i.SetEPRxStatus     usb_regs.o
    0x0802b278   0x00000034   Code   RO         2488    i.SetEPRxValid      usb_regs.o
    0x0802b2ac   0x00000020   Code   RO         2489    i.SetEPTxAddr       usb_regs.o
    0x0802b2cc   0x0000001c   Code   RO         2490    i.SetEPTxCount      usb_regs.o
    0x0802b2e8   0x00000040   Code   RO         2491    i.SetEPTxStatus     usb_regs.o
    0x0802b328   0x00000034   Code   RO         2492    i.SetEPTxValid      usb_regs.o
    0x0802b35c   0x00000024   Code   RO         2493    i.SetEPType         usb_regs.o
    0x0802b380   0x00000008   Code   RO            1    i.SetSysClock       system_stm32f10x.o
    0x0802b388   0x000000e0   Code   RO            2    i.SetSysClockTo72   system_stm32f10x.o
    0x0802b468   0x000000b8   Code   RO         2227    i.Setup0_Process    usb_core.o
    0x0802b520   0x00000050   Code   RO         3499    i.Single_Read       i2c.o
    0x0802b570   0x00000046   Code   RO         3500    i.Single_Write      i2c.o
    0x0802b5b6   0x00000002   PAD
    0x0802b5b8   0x0000016c   Code   RO         2228    i.Standard_ClearFeature  usb_core.o
    0x0802b724   0x0000002c   Code   RO         2229    i.Standard_GetConfiguration  usb_core.o
    0x0802b750   0x00000024   Code   RO         2230    i.Standard_GetDescriptorData  usb_core.o
    0x0802b774   0x0000002c   Code   RO         2231    i.Standard_GetInterface  usb_core.o
    0x0802b7a0   0x00000100   Code   RO         2232    i.Standard_GetStatus  usb_core.o
    0x0802b8a0   0x00000048   Code   RO         2233    i.Standard_SetConfiguration  usb_core.o
    0x0802b8e8   0x00000028   Code   RO         2234    i.Standard_SetDeviceFeature  usb_core.o
    0x0802b910   0x000000d0   Code   RO         2235    i.Standard_SetEndPointFeature  usb_core.o
    0x0802b9e0   0x0000006c   Code   RO         2236    i.Standard_SetInterface  usb_core.o
    0x0802ba4c   0x00000060   Code   RO            4    i.SystemInit        system_stm32f10x.o
    0x0802baac   0x00000080   Code   RO          935    i.TI1_Config        stm32f10x_tim.o
    0x0802bb2c   0x00000098   Code   RO          936    i.TI2_Config        stm32f10x_tim.o
    0x0802bbc4   0x00000090   Code   RO          937    i.TI3_Config        stm32f10x_tim.o
    0x0802bc54   0x00000098   Code   RO          938    i.TI4_Config        stm32f10x_tim.o
    0x0802bcec   0x000001f4   Code   RO         3832    i.TIM2_IRQHandler   pwm_in.o
    0x0802bee0   0x00000220   Code   RO         3833    i.TIM3_IRQHandler   pwm_in.o
    0x0802c100   0x00000050   Code   RO         3602    i.TIM5_Config       time.o
    0x0802c150   0x0000006c   Code   RO         5267    i.TIM5_IRQHandler   stm32f10x_it.o
    0x0802c1bc   0x00000018   Code   RO          939    i.TIM_ARRPreloadConfig  stm32f10x_tim.o
    0x0802c1d4   0x00000006   Code   RO          945    i.TIM_ClearFlag     stm32f10x_tim.o
    0x0802c1da   0x00000006   Code   RO          946    i.TIM_ClearITPendingBit  stm32f10x_tim.o
    0x0802c1e0   0x00000018   Code   RO          951    i.TIM_Cmd           stm32f10x_tim.o
    0x0802c1f8   0x0000001e   Code   RO          953    i.TIM_CtrlPWMOutputs  stm32f10x_tim.o
    0x0802c216   0x00000002   PAD
    0x0802c218   0x000001e8   Code   RO          956    i.TIM_DeInit        stm32f10x_tim.o
    0x0802c400   0x00000006   Code   RO          966    i.TIM_GetCapture1   stm32f10x_tim.o
    0x0802c406   0x00000006   Code   RO          967    i.TIM_GetCapture2   stm32f10x_tim.o
    0x0802c40c   0x00000006   Code   RO          968    i.TIM_GetCapture3   stm32f10x_tim.o
    0x0802c412   0x00000008   Code   RO          969    i.TIM_GetCapture4   stm32f10x_tim.o
    0x0802c41a   0x00000022   Code   RO          972    i.TIM_GetITStatus   stm32f10x_tim.o
    0x0802c43c   0x000000ac   Code   RO          974    i.TIM_ICInit        stm32f10x_tim.o
    0x0802c4e8   0x00000012   Code   RO          976    i.TIM_ITConfig      stm32f10x_tim.o
    0x0802c4fa   0x00000002   PAD
    0x0802c4fc   0x00000098   Code   RO          980    i.TIM_OC1Init       stm32f10x_tim.o
    0x0802c594   0x00000012   Code   RO          982    i.TIM_OC1PolarityConfig  stm32f10x_tim.o
    0x0802c5a6   0x00000012   Code   RO          983    i.TIM_OC1PreloadConfig  stm32f10x_tim.o
    0x0802c5b8   0x000000a4   Code   RO          985    i.TIM_OC2Init       stm32f10x_tim.o
    0x0802c65c   0x0000001a   Code   RO          987    i.TIM_OC2PolarityConfig  stm32f10x_tim.o
    0x0802c676   0x0000001a   Code   RO          988    i.TIM_OC2PreloadConfig  stm32f10x_tim.o
    0x0802c690   0x000000a0   Code   RO          990    i.TIM_OC3Init       stm32f10x_tim.o
    0x0802c730   0x0000001a   Code   RO          992    i.TIM_OC3PolarityConfig  stm32f10x_tim.o
    0x0802c74a   0x00000012   Code   RO          993    i.TIM_OC3PreloadConfig  stm32f10x_tim.o
    0x0802c75c   0x0000007c   Code   RO          995    i.TIM_OC4Init       stm32f10x_tim.o
    0x0802c7d8   0x0000001a   Code   RO          996    i.TIM_OC4PolarityConfig  stm32f10x_tim.o
    0x0802c7f2   0x0000001a   Code   RO          997    i.TIM_OC4PreloadConfig  stm32f10x_tim.o
    0x0802c80c   0x00000012   Code   RO         1017    i.TIM_SetIC1Prescaler  stm32f10x_tim.o
    0x0802c81e   0x0000001a   Code   RO         1018    i.TIM_SetIC2Prescaler  stm32f10x_tim.o
    0x0802c838   0x00000012   Code   RO         1019    i.TIM_SetIC3Prescaler  stm32f10x_tim.o
    0x0802c84a   0x0000001a   Code   RO         1020    i.TIM_SetIC4Prescaler  stm32f10x_tim.o
    0x0802c864   0x000000a4   Code   RO         1022    i.TIM_TimeBaseInit  stm32f10x_tim.o
    0x0802c908   0x00000108   Code   RO         5164    i.Thr_Ctrl          multirotor_control.o
    0x0802ca10   0x000000cc   Code   RO         3623    i.Tim1_init         moto.o
    0x0802cadc   0x000000a0   Code   RO         3624    i.Tim4_init         moto.o
    0x0802cb7c   0x000000bc   Code   RO         4977    i.Time_slice        multirotor_app.o
    0x0802cc38   0x00000094   Code   RO         3676    i.USART1_Config     usart.o
    0x0802cccc   0x00000054   Code   RO         5268    i.USART1_IRQHandler  stm32f10x_it.o
    0x0802cd20   0x0000001e   Code   RO          378    i.USART_ClearITPendingBit  stm32f10x_usart.o
    0x0802cd3e   0x00000018   Code   RO          381    i.USART_Cmd         stm32f10x_usart.o
    0x0802cd56   0x00000012   Code   RO          382    i.USART_DMACmd      stm32f10x_usart.o
    0x0802cd68   0x00000054   Code   RO          385    i.USART_GetITStatus  stm32f10x_usart.o
    0x0802cdbc   0x0000004a   Code   RO          387    i.USART_ITConfig    stm32f10x_usart.o
    0x0802ce06   0x00000002   PAD
    0x0802ce08   0x000000d8   Code   RO          388    i.USART_Init        stm32f10x_usart.o
    0x0802cee0   0x0000003c   Code   RO         2370    i.USB_Init          usb_init.o
    0x0802cf1c   0x00000008   Code   RO         5269    i.USB_LP_CAN1_RX0_IRQHandler  stm32f10x_it.o
    0x0802cf24   0x00000024   Code   RO         2801    i.USB_SIL_Init      usb_sil.o
    0x0802cf48   0x0000002e   Code   RO         2802    i.USB_SIL_Read      usb_sil.o
    0x0802cf76   0x00000002   PAD
    0x0802cf78   0x00000268   Code   RO         5437    i.Ultra_Ctrl        height_ctrl.o
    0x0802d1e0   0x0000001c   Code   RO         5438    i.Ultra_PID_Init    height_ctrl.o
    0x0802d1fc   0x00000320   Code   RO         5439    i.Ultra_dataporcess  height_ctrl.o
    0x0802d51c   0x00000034   Code   RO         4548    i.Ultrasonic_Config  ultrasonic.o
    0x0802d550   0x00000020   Code   RO         4549    i.Ultrasonic_Pulsing  ultrasonic.o
    0x0802d570   0x00000004   Code   RO         5270    i.UsageFault_Handler  stm32f10x_it.o
    0x0802d574   0x00000038   Code   RO         5077    i.Usart1_Send       multirotor_radio.o
    0x0802d5ac   0x000000c8   Code   RO         5078    i.UsbCmdPro         multirotor_radio.o
    0x0802d674   0x00000038   Code   RO         2424    i.UserToPMABufferCopy  usb_mem.o
    0x0802d6ac   0x0000006c   Code   RO         4622    i.VariableParameter  algorithm_math.o
    0x0802d718   0x00000064   Code   RO         3142    i.Virtual_Com_Port_Data_Setup  usb_prop.o
    0x0802d77c   0x00000014   Code   RO         3143    i.Virtual_Com_Port_GetConfigDescriptor  usb_prop.o
    0x0802d790   0x00000014   Code   RO         3144    i.Virtual_Com_Port_GetDeviceDescriptor  usb_prop.o
    0x0802d7a4   0x0000001c   Code   RO         3145    i.Virtual_Com_Port_GetLineCoding  usb_prop.o
    0x0802d7c0   0x00000028   Code   RO         3146    i.Virtual_Com_Port_GetStringDescriptor  usb_prop.o
    0x0802d7e8   0x00000016   Code   RO         3147    i.Virtual_Com_Port_Get_Interface_Setting  usb_prop.o
    0x0802d7fe   0x00000002   PAD
    0x0802d800   0x00000028   Code   RO         3148    i.Virtual_Com_Port_NoData_Setup  usb_prop.o
    0x0802d828   0x000000e8   Code   RO         3149    i.Virtual_Com_Port_Reset  usb_prop.o
    0x0802d910   0x00000018   Code   RO         3150    i.Virtual_Com_Port_SetConfiguration  usb_prop.o
    0x0802d928   0x0000000c   Code   RO         3151    i.Virtual_Com_Port_SetDeviceAddress  usb_prop.o
    0x0802d934   0x0000001c   Code   RO         3152    i.Virtual_Com_Port_SetLineCoding  usb_prop.o
    0x0802d950   0x00000014   Code   RO         3153    i.Virtual_Com_Port_Status_In  usb_prop.o
    0x0802d964   0x00000002   Code   RO         3154    i.Virtual_Com_Port_Status_Out  usb_prop.o
    0x0802d966   0x00000002   PAD
    0x0802d968   0x0000002c   Code   RO         3155    i.Virtual_Com_Port_init  usb_prop.o
    0x0802d994   0x0000004c   Code   RO         5440    i.WZ_Speed_PID_Init  height_ctrl.o
    0x0802d9e0   0x00000028   Code   RO         5665    i.__ARM_fpclassify  m_ws.l(fpclassify.o)
    0x0802da08   0x00000026   Code   RO         5667    i.__ARM_fpclassifyf  m_ws.l(fpclassifyf.o)
    0x0802da2e   0x00000002   PAD
    0x0802da30   0x000001fc   Code   RO         3779    i.__EE_Init         eeprom.o
    0x0802dc2c   0x00000388   Code   RO         5686    i.__ieee754_rem_pio2  m_ws.l(rred.o)
    0x0802dfb4   0x000000fc   Code   RO         5648    i.__kernel_cos      m_ws.l(cos_i.o)
    0x0802e0b0   0x000000aa   Code   RO         5683    i.__kernel_poly     m_ws.l(poly.o)
    0x0802e15a   0x00000002   PAD
    0x0802e15c   0x000000ec   Code   RO         5694    i.__kernel_sin      m_ws.l(sin_i.o)
    0x0802e248   0x00000006   Code   RO         5652    i.__mathlib_dbl_infnan  m_ws.l(dunder.o)
    0x0802e24e   0x00000004   Code   RO         5653    i.__mathlib_dbl_infnan2  m_ws.l(dunder.o)
    0x0802e252   0x0000000c   Code   RO         5654    i.__mathlib_dbl_invalid  m_ws.l(dunder.o)
    0x0802e25e   0x00000002   PAD
    0x0802e260   0x00000010   Code   RO         5657    i.__mathlib_dbl_underflow  m_ws.l(dunder.o)
    0x0802e270   0x00000006   Code   RO         5670    i.__mathlib_flt_infnan  m_ws.l(funder.o)
    0x0802e276   0x00000004   Code   RO         5671    i.__mathlib_flt_infnan2  m_ws.l(funder.o)
    0x0802e27a   0x00000008   Code   RO         5672    i.__mathlib_flt_invalid  m_ws.l(funder.o)
    0x0802e282   0x0000000a   Code   RO         5675    i.__mathlib_flt_underflow  m_ws.l(funder.o)
    0x0802e28c   0x0000000e   Code   RO         5754    i.__scatterload_copy  mc_w.l(handlers.o)
    0x0802e29a   0x00000002   Code   RO         5755    i.__scatterload_null  mc_w.l(handlers.o)
    0x0802e29c   0x0000000e   Code   RO         5756    i.__scatterload_zeroinit  mc_w.l(handlers.o)
    0x0802e2aa   0x00000006   Code   RO         2884    i.__set_PRIMASK     usb_hw.o
    0x0802e2b0   0x0000000c   Code   RO         5730    i.__set_errno       mc_w.l(errno.o)
    0x0802e2bc   0x00000016   Code   RO         4624    i.array_assign      algorithm_math.o
    0x0802e2d2   0x00000002   PAD
    0x0802e2d4   0x00000270   Code   RO         5510    i.asin              m_ws.l(asin.o)
    0x0802e544   0x00000124   Code   RO         5520    i.asinf             m_ws.l(asinf.o)
    0x0802e668   0x00000220   Code   RO         5528    i.atan              m_ws.l(atan.o)
    0x0802e888   0x00000180   Code   RO         5538    i.atan2             m_ws.l(atan2.o)
    0x0802ea08   0x0000025c   Code   RO         5546    i.atan2f            m_ws.l(atan2f.o)
    0x0802ec64   0x0000035e   Code   RO         4863    i.b_mrdivide        attitudeekf.o
    0x0802efc2   0x00000002   PAD
    0x0802efc4   0x00000080   Code   RO         2885    i.bsp_InitUsb       usb_hw.o
    0x0802f044   0x0000009c   Code   RO         5554    i.cos               m_ws.l(cos.o)
    0x0802f0e0   0x00000026   Code   RO         4627    i.data_limit        algorithm_math.o
    0x0802f106   0x00000018   Code   RO         3739    i.delay             delay.o
    0x0802f11e   0x0000000e   Code   RO         3501    i.delay5ms          i2c.o
    0x0802f12c   0x00000040   Code   RO         3740    i.delay_init        delay.o
    0x0802f16c   0x0000003c   Code   RO         3741    i.delay_ms          delay.o
    0x0802f1a8   0x0000003c   Code   RO         3742    i.delay_us          delay.o
    0x0802f1e4   0x00000034   Code   RO         2886    i.exeplay_write_appmask  usb_hw.o
    0x0802f218   0x000001dc   Code   RO         5441    i.height_speed_ctrl  height_ctrl.o
    0x0802f3f4   0x000000d4   Code   RO         3868    i.i2cInit           hard_i2c.o
    0x0802f4c8   0x000000f0   Code   RO         3870    i.i2cUnstick        hard_i2c.o
    0x0802f5b8   0x000000cc   Code   RO         3873    i.i2c_er_handler    hard_i2c.o
    0x0802f684   0x000003d4   Code   RO         3874    i.i2c_ev_handler    hard_i2c.o
    0x0802fa58   0x000002e0   Code   RO         4864    i.inv               attitudeekf.o
    0x0802fd38   0x000002d8   Code   RO         4978    i.loop              multirotor_app.o
    0x08030010   0x000000f4   Code   RO         5243    i.main              main.o
    0x08030104   0x0000006c   Code   RO         3625    i.moto_PwmRflash    moto.o
    0x08030170   0x0000001c   Code   RO         3626    i.moto_STOP         moto.o
    0x0803018c   0x0000035e   Code   RO         4865    i.mrdivide          attitudeekf.o
    0x080304ea   0x0000002c   Code   RO         4785    i.my_deathzoom_2    mymath.o
    0x08030516   0x0000009a   Code   RO         4866    i.norm              attitudeekf.o
    0x080305b0   0x000000a8   Code   RO         4689    i.paramLoad         algorithm_sqlite.o
    0x08030658   0x000000a0   Code   RO         5570    i.sin               m_ws.l(sin.o)
    0x080306f8   0x0000004c   Code   RO         5586    i.sqrt              m_ws.l(sqrt.o)
    0x08030744   0x0000002c   Code   RO         5701    i.sqrtf             m_ws.l(sqrtf.o)
    0x08030770   0x000000ec   Code   RO         5079    i.usart_data_RX     multirotor_radio.o
    0x0803085c   0x00000024   Code   RO         2887    i.usb_CableConfig   usb_hw.o
    0x08030880   0x00000050   Code   RO         2889    i.usb_GetRxByte     usb_hw.o
    0x080308d0   0x00000078   Code   RO         2890    i.usb_GetTxWord     usb_hw.o
    0x08030948   0x00000078   Code   RO         3124    i.usb_Istr          usb_istr.o
    0x080309c0   0x00000040   Code   RO         3244    i.usb_PowerOn       usb_pwr.o
    0x08030a00   0x000000e4   Code   RO         2892    i.usb_SaveHostDataToBuf  usb_hw.o
    0x08030ae4   0x00000048   Code   RO         2894    i.usb_SendDataToHost  usb_hw.o
    0x08030b2c   0x000000b1   Data   RO         2828    .constdata          usb_desc.o
    0x08030bdd   0x00000003   PAD
    0x08030be0   0x00000028   Data   RO         3875    .constdata          hard_i2c.o
    0x08030c08   0x00000ee9   Data   RO         4043    .constdata          oled.o
    0x08031af1   0x00000003   PAD
    0x08031af4   0x0000029d   Data   RO         4868    .constdata          attitudeekf.o
    0x08031d91   0x00000003   PAD
    0x08031d94   0x00000288   Data   RO         5244    .constdata          main.o
    0x0803201c   0x00000004   PAD
    0x08032020   0x00000050   Data   RO         5511    .constdata          m_ws.l(asin.o)
    0x08032070   0x00000098   Data   RO         5529    .constdata          m_ws.l(atan.o)
    0x08032108   0x00000030   Data   RO         5649    .constdata          m_ws.l(cos_i.o)
    0x08032138   0x00000008   Data   RO         5685    .constdata          m_ws.l(qnan.o)
    0x08032140   0x000000c8   Data   RO         5688    .constdata          m_ws.l(rred.o)
    0x08032208   0x00000028   Data   RO         5695    .constdata          m_ws.l(sin_i.o)
    0x08032230   0x00000020   Data   RO         5752    Region$$Table       anon$$obj.o


    Execution Region RW_IRAM1 (Base: 0x20000000, Size: 0x000055b0, Max: 0x00010000, ABSOLUTE, COMPRESSED[0x00000190])

    Base Addr    Size         Type   Attr      Idx    E Section Name        Object

    0x20000000   0x00000014   Data   RW          169    .data               stm32f10x_rcc.o
    0x20000014   0x00000003   Data   RW         2237    .data               usb_core.o
    0x20000017   0x00000001   PAD
    0x20000018   0x00000014   Data   RW         2372    .data               usb_init.o
    0x2000002c   0x00000004   Data   RW         2395    .data               usb_int.o
    0x20000030   0x0000001a   Data   RW         2829    .data               usb_desc.o
    0x2000004a   0x00000002   PAD
    0x2000004c   0x00000004   Data   RW         2844    .data               usb_endp.o
    0x20000050   0x0000003c   Data   RW         3125    .data               usb_istr.o
    0x2000008c   0x00000094   Data   RW         3156    .data               usb_prop.o
    0x20000120   0x00000007   Data   RW         3248    .data               usb_pwr.o
    0x20000127   0x00000001   PAD
    0x20000128   0x00000005   Data   RW         3291    .data               led.o
    0x2000012d   0x00000002   Data   RW         3461    .data               spi.o
    0x2000012f   0x00000001   PAD
    0x20000130   0x00000002   Data   RW         3576    .data               adc.o
    0x20000132   0x00000006   Data   RW         3680    .data               usart.o
    0x20000138   0x00000004   Data   RW         3743    .data               delay.o
    0x2000013c   0x00000008   Data   RW         3780    .data               eeprom.o
    0x20000144   0x00000019   Data   RW         3835    .data               pwm_in.o
    0x2000015d   0x00000003   PAD
    0x20000160   0x0000001b   Data   RW         3876    .data               hard_i2c.o
    0x2000017b   0x00000001   Data   RW         4289    .data               mpu6050.o
    0x2000017c   0x00000014   Data   RW         4335    .data               hmc5883.o
    0x20000190   0x0000000d   Data   RW         4374    .data               nrf24l01.o
    0x2000019d   0x00000003   PAD
    0x200001a0   0x000000a0   Data   RW         4450    .data               ms5611.o
    0x20000240   0x00000048   Data   RW         4550    .data               ultrasonic.o
    0x20000288   0x00000058   Data   RW         4580    .data               algorithm_filter.o
    0x200002e0   0x00000096   Data   RW         4690    .data               algorithm_sqlite.o
    0x20000376   0x00000002   Data   RW         4869    .data               attitudeekf.o
    0x20000378   0x00000010   Data   RW         4938    .data               multirotor_rc.o
    0x20000388   0x00000018   Data   RW         4980    .data               multirotor_app.o
    0x200003a0   0x00000088   Data   RW         5033    .data               multirotor_ahrs.o
    0x20000428   0x000000fa   Data   RW         5081    .data               multirotor_radio.o
    0x20000522   0x00000002   PAD
    0x20000524   0x0000002c   Data   RW         5166    .data               multirotor_control.o
    0x20000550   0x00000005   Data   RW         5211    .data               multirotor_altitute.o
    0x20000555   0x00000004   Data   RW         5272    .data               stm32f10x_it.o
    0x20000559   0x00000003   PAD
    0x2000055c   0x00000012   Data   RW         5355    .data               ano_dt.o
    0x2000056e   0x00000002   PAD
    0x20000570   0x00000084   Data   RW         5443    .data               height_ctrl.o
    0x200005f4   0x00000004   Data   RW         5731    .data               mc_w.l(errno.o)
    0x200005f8   0x0000001c   Zero   RW         2371    .bss                usb_init.o
    0x20000614   0x0000100a   Zero   RW         2895    .bss                usb_hw.o
    0x2000161e   0x00000040   Zero   RW         3834    .bss                pwm_in.o
    0x2000165e   0x00000800   Zero   RW         3956    .bss                stmflash.o
    0x20001e5e   0x00000002   PAD
    0x20001e60   0x00000078   Zero   RW         4288    .bss                mpu6050.o
    0x20001ed8   0x00000024   Zero   RW         4334    .bss                hmc5883.o
    0x20001efc   0x00000004   PAD
    0x20001f00   0x00000250   Zero   RW         4449    .bss                ms5611.o
    0x20002150   0x000000c0   Zero   RW         4579    .bss                algorithm_filter.o
    0x20002210   0x00000b94   Zero   RW         4867    .bss                attitudeekf.o
    0x20002da4   0x0000006c   Zero   RW         4937    .bss                multirotor_rc.o
    0x20002e10   0x00000054   Zero   RW         4979    .bss                multirotor_app.o
    0x20002e64   0x00000004   PAD
    0x20002e68   0x00000114   Zero   RW         5032    .bss                multirotor_ahrs.o
    0x20002f7c   0x00000100   Zero   RW         5080    .bss                multirotor_radio.o
    0x2000307c   0x000000ec   Zero   RW         5165    .bss                multirotor_control.o
    0x20003168   0x00000200   Zero   RW         5271    .bss                stm32f10x_it.o
    0x20003368   0x000000d8   Zero   RW         5354    .bss                ano_dt.o
    0x20003440   0x00000170   Zero   RW         5442    .bss                height_ctrl.o
    0x200035b0   0x00002000   Zero   RW          130    STACK               startup_stm32f10x_hd.o


==============================================================================

Image component sizes


      Code (inc. data)   RO Data    RW Data    ZI Data      Debug   Object Name

       292         18          0          2          0       2189   adc.o
       592          8          0         88        192       6064   algorithm_filter.o
       336         38          0          0          0       4281   algorithm_math.o
       866          6          0          0          0       3586   algorithm_quaternion.o
      1820        150          0        150          0       5403   algorithm_sqlite.o
         0          0          0         18        216       3065   ano_dt.o
     16346        224        669          2       2964      15611   attitudeekf.o
         0          0          0          0          0         32   core_cm3.o
       208         16          0          4          0       2271   delay.o
      1288         86          0          8          0       7878   eeprom.o
      1668         94         40         27          0       6426   hard_i2c.o
      4744        624          0        132        368       9535   height_ctrl.o
      1106         70          0         20         36       2990   hmc5883.o
       896         42          0          0          0       7659   i2c.o
      1068         68          0          5          0     223220   led.o
       244         42        648          0          0       1427   main.o
       132         22          0          0          0       1703   misc.o
       592         32          0          0          0       3314   moto.o
      1180         86          0          1        120       6060   mpu6050.o
      1376        156          0        160        592       6772   ms5611.o
      1604        136          0        136        276       4202   multirotor_ahrs.o
        48          8          0          5          0        998   multirotor_altitute.o
      1480        284          0         24         84       6523   multirotor_app.o
      2304        180          0         44        236       6031   multirotor_control.o
      1928        168          0        250        256       9734   multirotor_radio.o
      1080        102          0         16        108       5072   multirotor_rc.o
        44          0          0          0          0        625   mymath.o
       520         38          0         13          0       4324   nrf24l01.o
      2048         54       3817          0          0      11928   oled.o
      1432         84          0         25         64       3317   pwm_in.o
        84          6          0          2          0        922   spi.o
        36          8        304          0       8192        912   startup_stm32f10x_hd.o
       412         10          0          0          0       8471   stm32f10x_adc.o
       462         18          0          0          0       4833   stm32f10x_dma.o
       274         30          0          0          0       3682   stm32f10x_flash.o
       448          6          0          0          0       4778   stm32f10x_gpio.o
       454         20          0          0          0       7367   stm32f10x_i2c.o
       248         34          0          4        512       6287   stm32f10x_it.o
       412         66          0         20          0       7690   stm32f10x_rcc.o
        28          0          0          0          0       2913   stm32f10x_spi.o
      2440        264          0          0          0      23176   stm32f10x_tim.o
       446          6          0          0          0       6003   stm32f10x_usart.o
       310         10          0          0       2048       3545   stmflash.o
       328         28          0          0          0     296277   system_stm32f10x.o
       232          4          0          0          0       1118   time.o
        84         12          0         72          0       2158   ultrasonic.o
       252         26          0          6          0       1989   usart.o
      3058        288          0          3          0      18531   usb_core.o
         0          0        177         26          0       1147   usb_desc.o
       156         14          0          4          0       2528   usb_endp.o
       836         78          0          0       4106      28084   usb_hw.o
        60         24          0         20         28       4270   usb_init.o
       648         32          0          4          0       1864   usb_int.o
       120         20          0         60          0       1488   usb_istr.o
        96         10          0          0          0       1904   usb_mem.o
       632        104          0        148          0      11973   usb_prop.o
        64         10          0          7          0       2085   usb_pwr.o
       712        100          0          0          0      10479   usb_regs.o
        82          8          0          0          0       1586   usb_sil.o

    ----------------------------------------------------------------------
     60710       4072       5700       1524      20408     840300   Object Totals
         0          0         32          0          0          0   (incl. Generated)
        54          0         13         18         10          0   (incl. Padding)

    ----------------------------------------------------------------------

      Code (inc. data)   RO Data    RW Data    ZI Data      Debug   Library Member Name

       624         52         80          0          0        168   asin.o
       292         38          0          0          0        120   asinf.o
       544         70        152          0          0        124   atan.o
       384         38          0          0          0        144   atan2.o
       604         76          0          0          0        116   atan2f.o
       156          8          0          0          0        104   cos.o
       252         22         48          0          0        124   cos_i.o
        38          6          0          0          0        272   dunder.o
        40          0          0          0          0         68   fpclassify.o
        38          0          0          0          0         68   fpclassifyf.o
        28          0          0          0          0        272   funder.o
       170          0          0          0          0         96   poly.o
         0          0          8          0          0          0   qnan.o
       904         76        200          0          0        140   rred.o
       160         10          0          0          0        108   sin.o
       236         12         40          0          0        128   sin_i.o
        76          0          0          0          0         84   sqrt.o
        44          0          0          0          0         80   sqrtf.o
        86          0          0          0          0          0   __dczerorl2.o
         0          0          0          0          0          0   entry.o
         0          0          0          0          0          0   entry10a.o
         0          0          0          0          0          0   entry11a.o
         8          4          0          0          0          0   entry2.o
         4          0          0          0          0          0   entry5.o
         0          0          0          0          0          0   entry7b.o
         0          0          0          0          0          0   entry8b.o
         8          4          0          0          0          0   entry9a.o
        12          6          0          4          0         68   errno.o
        30          0          0          0          0          0   handlers.o
        36          8          0          0          0         68   init.o
         0          0          0          0          0          0   iusefp.o
        30          0          0          0          0         68   llshl.o
        36          0          0          0          0         68   llsshr.o
        32          0          0          0          0         68   llushr.o
        36          0          0          0          0         68   memcpya.o
        36          0          0          0          0        108   memseta.o
        98          0          0          0          0         92   uldiv.o
        48          0          0          0          0         68   cdcmple.o
        20          0          0          0          0         68   cfcmple.o
        20          0          0          0          0         68   cfrcmple.o
        56          0          0          0          0         88   d2f.o
       334          0          0          0          0        148   dadd.o
       222          0          0          0          0        100   ddiv.o
       186          0          0          0          0        176   depilogue.o
        62          0          0          0          0         80   dfixi.o
        50          0          0          0          0         76   dfixui.o
        34          0          0          0          0         76   dflti.o
        26          0          0          0          0         76   dfltui.o
        24          0          0          0          0         76   dfltul.o
       228          0          0          0          0         96   dmul.o
        46          0          0          0          0         80   dscalb.o
       162          0          0          0          0        100   dsqrt.o
        38          0          0          0          0         68   f2d.o
       176          0          0          0          0        140   fadd.o
       124          0          0          0          0         88   fdiv.o
       110          0          0          0          0        168   fepilogue.o
        50          0          0          0          0         68   ffixi.o
        40          0          0          0          0         68   ffixui.o
        18          0          0          0          0         68   fflti.o
        10          0          0          0          0         68   ffltui.o
        28          0          0          0          0         84   ffltul.o
       100          0          0          0          0         76   fmul.o
        24          0          0          0          0         68   fscalb.o
        94          0          0          0          0         96   fsqrt.o

    ----------------------------------------------------------------------
      7382        430        528          4          0       5260   Library Totals
        10          0          0          0          0          0   (incl. Padding)

    ----------------------------------------------------------------------

      Code (inc. data)   RO Data    RW Data    ZI Data      Debug   Library Name

      4590        408        528          0          0       2216   m_ws.l
       452         22          0          4          0        608   mc_w.l
      2330          0          0          0          0       2436   mf_w.l

    ----------------------------------------------------------------------
      7382        430        528          4          0       5260   Library Totals

    ----------------------------------------------------------------------

==============================================================================


      Code (inc. data)   RO Data    RW Data    ZI Data      Debug   

     68092       4502       6228       1528      20408     825200   Grand Totals
     68092       4502       6228        400      20408     825200   ELF Image Totals (compressed)
     68092       4502       6228        400          0          0   ROM Totals

==============================================================================

    Total RO  Size (Code + RO Data)                74320 (  72.58kB)
    Total RW  Size (RW Data + ZI Data)             21936 (  21.42kB)
    Total ROM Size (Code + RO Data + RW Data)      74720 (  72.97kB)

==============================================================================

