<html>
<body>
<pre>
<h1>µVision Build Log</h1>
<h2>Tool Versions:</h2>
IDE-Version: ¦ÌVision V5.14.0.0
Copyright (C) 2015 ARM Ltd and ARM Germany GmbH. All rights reserved.
License Information: ghost ghost, hqu,xmu, LIC=X1E56-D3F2E-4ACDE-5Q6IC-PG197-2P7R1
 
Tool Versions:
Toolchain:       MDK-ARM Professional  Version: 5.14.0.0
Toolchain Path:  C:\Keil_v5\ARM\ARMCC\Bin
C Compiler:      Armcc.exe V5.05 update 1 (build 106)
Assembler:       Armasm.exe V5.05 update 1 (build 106)
Linker/Locator:  ArmLink.exe V5.05 update 1 (build 106)
Library Manager: ArmAr.exe V5.05 update 1 (build 106)
Hex Converter:   FromElf.exe V5.05 update 1 (build 106)
CPU DLL:         SARMCM3.DLL V5.14.0.0
Dialog DLL:      DCM.DLL V1.13.1.0
Target DLL:      STLink\ST-LINKIII-KEIL_SWO.dll V2.0.14.0_KEIL
Dialog DLL:      TCM.DLL V1.14.4.0
 
<h2>Project:</h2>
C:\__Electronic_Projects\STM32\HT_Hawk_0528_1\Project\MDK-ARM(uV5)\HT-Hawk.uvprojx
Project File Date:  04/04/2018

<h2>Output:</h2>
Build target 'Flash'
compiling main.c...
..\..\User\main.c(73): warning:  #177-D: variable "x_aposteriori_k" was declared but never referenced
          float x_aposteriori_k[12];            /**< states */
..\..\User\main.c(74): warning:  #177-D: variable "P_aposteriori_k" was declared but never referenced
          float P_aposteriori_k[144] = {100.f, 0,   0,   0,   0,   0,   0,   0,   0,   0,   0,   0,
..\..\User\main.c: 2 warnings, 0 errors
linking...
Program Size: Code=68092 RO-data=6228 RW-data=1528 ZI-data=20408  
FromELF: creating hex file...
After Build - User command #2: fromelf.exe  --bin -o  .\Flash\HT_Hawk.bin .\Flash\Obj\HT_Hawk.axf
".\Flash\Obj\HT_Hawk.axf" - 0 Error(s), 2 Warning(s).

<h2>Software Packages used:</h2>

Package Vendor: ARM
                http://www.keil.com/pack/ARM.CMSIS.4.2.0.pack
                ARM::CMSIS:CORE:3.40.0
                CMSIS (Cortex Microcontroller Software Interface Standard)
   * Component: CORE Version: 3.40.0

<h2>Collection of Component include folders:</h2>
  C:\__Electronic_Projects\STM32\HT_Hawk_0528_1\Project\MDK-ARM(uV5)\RTE
  C:\Keil_v5\ARM\PACK\ARM\CMSIS\4.2.0\CMSIS\Include
  C:\Keil_v5\ARM\PACK\Keil\STM32F1xx_DFP\1.0.5\Device\Include

<h2>Collection of Component Files used:</h2>

   * Component: ARM::CMSIS:CORE:3.40.0
      Source file:   CMSIS\UserCodeTemplates\ARM\ITM_Retarget.c
</pre>
</body>
</html>
